../Drivers/BSP/Components/stspin220/stspin220.c:226:10:Stspin220_ReadId	0	static
../Drivers/BSP/Components/stspin220/stspin220.c:239:6:Stspin220_AttachErrorHandler	0	static
../Drivers/BSP/Components/stspin220/stspin220.c:254:6:Stspin220_AttachFlagInterrupt	0	static
../Drivers/BSP/Components/stspin220/stspin220.c:300:6:Stspin220_ErrorHandler	0	static
../Drivers/BSP/Components/stspin220/stspin220.c:354:7:Stspin220_GetAcceleration	0	static
../Drivers/BSP/Components/stspin220/stspin220.c:364:7:Stspin220_GetCurrentSpeed	0	static
../Drivers/BSP/Components/stspin220/stspin220.c:374:7:Stspin220_GetDeceleration	0	static
../Drivers/BSP/Components/stspin220/stspin220.c:384:14:Stspin220_GetDeviceState	0	static
../Drivers/BSP/Components/stspin220/stspin220.c:394:12:Stspin220_GetDirection	0	static
../Drivers/BSP/Components/stspin220/stspin220.c:403:10:Stspin220_GetFwVersion	0	static
../Drivers/BSP/Components/stspin220/stspin220.c:413:9:Stspin220_GetMark	0	static
../Drivers/BSP/Components/stspin220/stspin220.c:423:7:Stspin220_GetMaxSpeed	0	static
../Drivers/BSP/Components/stspin220/stspin220.c:433:7:Stspin220_GetMinSpeed	0	static
../Drivers/BSP/Components/stspin220/stspin220.c:442:9:Stspin220_GetNbDevices	0	static
../Drivers/BSP/Components/stspin220/stspin220.c:452:9:Stspin220_GetPosition	0	static
../Drivers/BSP/Components/stspin220/stspin220.c:462:17:Stspin220_GetStepMode	0	static
../Drivers/BSP/Components/stspin220/stspin220.c:472:17:Stspin220_GetStopMode	0	static
../Drivers/BSP/Components/stspin220/stspin220.c:484:9:Stspin220_GetTorque	0	static
../Drivers/BSP/Components/stspin220/stspin220.c:515:6:Stspin220_GetTorqueBoostEnable	0	static
../Drivers/BSP/Components/stspin220/stspin220.c:526:7:Stspin220_GetTorqueBoostThreshold	0	static
../Drivers/BSP/Components/stspin220/stspin220.c:968:6:Stspin220_SetHome	0	static
../Drivers/BSP/Components/stspin220/stspin220.c:990:6:Stspin220_SetMark	0	static
../Drivers/BSP/Components/stspin220/stspin220.c:1049:6:Stspin220_SetNbDevices	0	static
../Drivers/BSP/Components/stspin220/stspin220.c:1099:6:Stspin220_SetStopMode	0	static
../Drivers/BSP/Components/stspin220/stspin220.c:1148:6:Stspin220_SetTorqueBoostEnable	0	static
../Drivers/BSP/Components/stspin220/stspin220.c:1160:6:Stspin220_SetTorqueBoostThreshold	0	static
../Drivers/BSP/Components/stspin220/stspin220.c:1189:10:Stspin220_VrefPwmGetFreq	0	static
../Drivers/BSP/Components/stspin220/stspin220.c:1212:6:Stspin220_WaitWhileActive	0	static
../Drivers/BSP/Components/stspin220/stspin220.c:1395:6:Stspin220_FlagInterruptHandler	0	static
../Drivers/BSP/Components/stspin220/stspin220.c:263:9:Stspin220_CheckStatusHw	8	static
../Drivers/BSP/Components/stspin220/stspin220.c:280:6:Stspin220_Disable	0	static
../Drivers/BSP/Components/stspin220/stspin220.c:290:6:Stspin220_Enable	0	static
../Drivers/BSP/Components/stspin220/stspin220.c:945:6:Stspin220_HardSetDirection	0	static
../Drivers/BSP/Components/stspin220/stspin220.c:1112:6:Stspin220_SetTorque	8	static
../Drivers/BSP/Components/stspin220/stspin220.c:1201:6:Stspin220_VrefPwmSetFreq	0	static
../Drivers/BSP/Components/stspin220/stspin220.c:1003:6:Stspin220_SetMaxSpeed	0	static
../Drivers/BSP/Components/stspin220/stspin220.c:1172:6:Stspin220_SoftStop	0	static
../Drivers/BSP/Components/stspin220/stspin220.c:925:6:Stspin220_SetDirection	0	static
../Drivers/BSP/Components/stspin220/stspin220.c:882:6:Stspin220_SetAcceleration	0	static
../Drivers/BSP/Components/stspin220/stspin220.c:903:6:Stspin220_SetDeceleration	0	static
../Drivers/BSP/Components/stspin220/stspin220.c:1028:6:Stspin220_SetMinSpeed	0	static
../Drivers/BSP/Components/stspin220/stspin220.c:188:13:Stspin220_GetMotorHandle	0	static
../Drivers/BSP/Components/stspin220/stspin220.c:714:6:Stspin220_HardHiZ	16	static
../Drivers/BSP/Components/stspin220/stspin220.c:836:6:Stspin220_PutDeviceInStandby	8	static
../Drivers/BSP/Components/stspin220/stspin220.c:755:6:Stspin220_HardStop	8	static
../Drivers/BSP/Components/stspin220/stspin220.c:1070:6:Stspin220_SetStepMode	16	static
../Drivers/BSP/Components/stspin220/stspin220.c:1232:6:Stspin220_ApplySpeed	16	static
../Drivers/BSP/Components/stspin220/stspin220.c:1600:6:Stspin220_StepClockHandler	24	static
../Drivers/BSP/Components/stspin220/stspin220.c:1299:6:Stspin220_ApplyTorque	0	static
../Drivers/BSP/Components/stspin220/stspin220.c:1340:6:Stspin220_ComputeSpeedProfile	16	static
../Drivers/BSP/Components/stspin220/stspin220.c:1408:6:Stspin220_SetDeviceParamsOtherValues	0	static
../Drivers/BSP/Components/stspin220/stspin220.c:1468:6:Stspin220_SetDeviceParamsToPredefinedValues	8	static
../Drivers/BSP/Components/stspin220/stspin220.c:1500:6:Stspin220_SetStepModeWithoutReset	8	static
../Drivers/BSP/Components/stspin220/stspin220.c:320:6:Stspin220_ExitDeviceFromStandby	16	static
../Drivers/BSP/Components/stspin220/stspin220.c:1438:6:Stspin220_SetDeviceParamsToGivenValues	24	static
../Drivers/BSP/Components/stspin220/stspin220.c:198:6:Stspin220_Init	8	static
../Drivers/BSP/Components/stspin220/stspin220.c:1565:6:Stspin220_StartMovement	8	static
../Drivers/BSP/Components/stspin220/stspin220.c:572:6:Stspin220_GoTo	16	static
../Drivers/BSP/Components/stspin220/stspin220.c:651:6:Stspin220_GoToDir	16	static
../Drivers/BSP/Components/stspin220/stspin220.c:801:6:Stspin220_Move	16	static
../Drivers/BSP/Components/stspin220/stspin220.c:854:6:Stspin220_Run	16	static
../Drivers/BSP/Components/stspin220/stspin220.c:536:6:Stspin220_GoHome	8	static
../Drivers/BSP/Components/stspin220/stspin220.c:548:6:Stspin220_GoMark	16	static
