../Drivers/BSP/X-NUCLEO-IHMxx/x_nucleo_ihmxx.c:82:20:L6474_GetMotorHandle	0	static
../Drivers/BSP/X-NUCLEO-IHMxx/x_nucleo_ihmxx.c:84:20:l647x_GetMotorHandle	0	static
../Drivers/BSP/X-NUCLEO-IHMxx/x_nucleo_ihmxx.c:86:20:l648x_GetMotorHandle	0	static
../Drivers/BSP/X-NUCLEO-IHMxx/x_nucleo_ihmxx.c:88:20:Powerstep01_GetMotorHandle	0	static
../Drivers/BSP/X-NUCLEO-IHMxx/x_nucleo_ihmxx.c:90:20:L6206_GetMotorHandle	0	static
../Drivers/BSP/X-NUCLEO-IHMxx/x_nucleo_ihmxx.c:92:20:L6208_GetMotorHandle	0	static
../Drivers/BSP/X-NUCLEO-IHMxx/x_nucleo_ihmxx.c:94:20:Stspin220_GetMotorHandle	0	static
../Drivers/BSP/X-NUCLEO-IHMxx/x_nucleo_ihmxx.c:96:20:Stspin240_250_GetMotorHandle	0	static
../Drivers/BSP/X-NUCLEO-IHMxx/x_nucleo_ihmxx.c:113:6:BSP_MotorControl_AttachErrorHandler	0	static
../Drivers/BSP/X-NUCLEO-IHMxx/x_nucleo_ihmxx.c:133:6:BSP_MotorControl_AttachFlagInterrupt	0	static
../Drivers/BSP/X-NUCLEO-IHMxx/x_nucleo_ihmxx.c:153:6:BSP_MotorControl_AttachBusyInterrupt	0	static
../Drivers/BSP/X-NUCLEO-IHMxx/x_nucleo_ihmxx.c:170:6:BSP_MotorControl_ErrorHandler	0	static
../Drivers/BSP/X-NUCLEO-IHMxx/x_nucleo_ihmxx.c:193:6:BSP_MotorControl_Init	0	static
../Drivers/BSP/X-NUCLEO-IHMxx/x_nucleo_ihmxx.c:209:6:BSP_MotorControl_FlagInterruptHandler	0	static
../Drivers/BSP/X-NUCLEO-IHMxx/x_nucleo_ihmxx.c:226:7:BSP_MotorControl_GetAcceleration	8	static
../Drivers/BSP/X-NUCLEO-IHMxx/x_nucleo_ihmxx.c:245:10:BSP_MotorControl_GetBoardId	0	static
../Drivers/BSP/X-NUCLEO-IHMxx/x_nucleo_ihmxx.c:257:7:BSP_MotorControl_GetCurrentSpeed	8	static
../Drivers/BSP/X-NUCLEO-IHMxx/x_nucleo_ihmxx.c:277:7:BSP_MotorControl_GetDeceleration	8	static
../Drivers/BSP/X-NUCLEO-IHMxx/x_nucleo_ihmxx.c:300:14:BSP_MotorControl_GetDeviceState	8	static
../Drivers/BSP/X-NUCLEO-IHMxx/x_nucleo_ihmxx.c:321:10:BSP_MotorControl_GetFwVersion	8	static
../Drivers/BSP/X-NUCLEO-IHMxx/x_nucleo_ihmxx.c:342:9:BSP_MotorControl_GetMark	8	static
../Drivers/BSP/X-NUCLEO-IHMxx/x_nucleo_ihmxx.c:365:7:BSP_MotorControl_GetMaxSpeed	8	static
../Drivers/BSP/X-NUCLEO-IHMxx/x_nucleo_ihmxx.c:385:7:BSP_MotorControl_GetMinSpeed	8	static
../Drivers/BSP/X-NUCLEO-IHMxx/x_nucleo_ihmxx.c:406:9:BSP_MotorControl_GetPosition	8	static
../Drivers/BSP/X-NUCLEO-IHMxx/x_nucleo_ihmxx.c:427:6:BSP_MotorControl_GoHome	0	static
../Drivers/BSP/X-NUCLEO-IHMxx/x_nucleo_ihmxx.c:445:6:BSP_MotorControl_GoMark	0	static
../Drivers/BSP/X-NUCLEO-IHMxx/x_nucleo_ihmxx.c:464:6:BSP_MotorControl_GoTo	0	static
../Drivers/BSP/X-NUCLEO-IHMxx/x_nucleo_ihmxx.c:483:6:BSP_MotorControl_HardStop	0	static
../Drivers/BSP/X-NUCLEO-IHMxx/x_nucleo_ihmxx.c:503:6:BSP_MotorControl_Move	4	static
../Drivers/BSP/X-NUCLEO-IHMxx/x_nucleo_ihmxx.c:519:6:BSP_MotorControl_ResetAllDevices	0	static
../Drivers/BSP/X-NUCLEO-IHMxx/x_nucleo_ihmxx.c:542:6:BSP_MotorControl_Run	0	static
../Drivers/BSP/X-NUCLEO-IHMxx/x_nucleo_ihmxx.c:562:6:BSP_MotorControl_SetAcceleration	8	static
../Drivers/BSP/X-NUCLEO-IHMxx/x_nucleo_ihmxx.c:585:6:BSP_MotorControl_SetDeceleration	8	static
../Drivers/BSP/X-NUCLEO-IHMxx/x_nucleo_ihmxx.c:606:6:BSP_MotorControl_SetHome	0	static
../Drivers/BSP/X-NUCLEO-IHMxx/x_nucleo_ihmxx.c:625:6:BSP_MotorControl_SetMark	0	static
../Drivers/BSP/X-NUCLEO-IHMxx/x_nucleo_ihmxx.c:648:6:BSP_MotorControl_SetMaxSpeed	8	static
../Drivers/BSP/X-NUCLEO-IHMxx/x_nucleo_ihmxx.c:671:6:BSP_MotorControl_SetMinSpeed	8	static
../Drivers/BSP/X-NUCLEO-IHMxx/x_nucleo_ihmxx.c:694:6:BSP_MotorControl_SoftStop	8	static
../Drivers/BSP/X-NUCLEO-IHMxx/x_nucleo_ihmxx.c:716:6:BSP_MotorControl_StepClockHandler	0	static
../Drivers/BSP/X-NUCLEO-IHMxx/x_nucleo_ihmxx.c:733:6:BSP_MotorControl_WaitWhileActive	0	static
../Drivers/BSP/X-NUCLEO-IHMxx/x_nucleo_ihmxx.c:763:6:BSP_MotorControl_CmdDisable	0	static
../Drivers/BSP/X-NUCLEO-IHMxx/x_nucleo_ihmxx.c:785:6:BSP_MotorControl_CmdEnable	0	static
../Drivers/BSP/X-NUCLEO-IHMxx/x_nucleo_ihmxx.c:803:10:BSP_MotorControl_CmdGetParam	8	static
../Drivers/BSP/X-NUCLEO-IHMxx/x_nucleo_ihmxx.c:831:10:BSP_MotorControl_CmdGetStatus	8	static
../Drivers/BSP/X-NUCLEO-IHMxx/x_nucleo_ihmxx.c:850:6:BSP_MotorControl_CmdNop	0	static
../Drivers/BSP/X-NUCLEO-IHMxx/x_nucleo_ihmxx.c:869:6:BSP_MotorControl_CmdSetParam	4	static
../Drivers/BSP/X-NUCLEO-IHMxx/x_nucleo_ihmxx.c:890:10:BSP_MotorControl_ReadStatusRegister	8	static
../Drivers/BSP/X-NUCLEO-IHMxx/x_nucleo_ihmxx.c:909:6:BSP_MotorControl_ReleaseReset	0	static
../Drivers/BSP/X-NUCLEO-IHMxx/x_nucleo_ihmxx.c:925:6:BSP_MotorControl_Reset	0	static
../Drivers/BSP/X-NUCLEO-IHMxx/x_nucleo_ihmxx.c:945:6:BSP_MotorControl_SelectStepMode	8	static
../Drivers/BSP/X-NUCLEO-IHMxx/x_nucleo_ihmxx.c:971:6:BSP_MotorControl_SetDirection	0	static
../Drivers/BSP/X-NUCLEO-IHMxx/x_nucleo_ihmxx.c:990:6:BSP_MotorControl_HardSetDirection	0	static
../Drivers/BSP/X-NUCLEO-IHMxx/x_nucleo_ihmxx.c:1010:6:BSP_MotorControl_CmdGoToDir	4	static
../Drivers/BSP/X-NUCLEO-IHMxx/x_nucleo_ihmxx.c:1028:9:BSP_MotorControl_CheckBusyHw	8	static
../Drivers/BSP/X-NUCLEO-IHMxx/x_nucleo_ihmxx.c:1049:9:BSP_MotorControl_CheckStatusHw	8	static
../Drivers/BSP/X-NUCLEO-IHMxx/x_nucleo_ihmxx.c:1071:6:BSP_MotorControl_CmdGoUntil	8	static
../Drivers/BSP/X-NUCLEO-IHMxx/x_nucleo_ihmxx.c:1092:6:BSP_MotorControl_CmdHardHiZ	0	static
../Drivers/BSP/X-NUCLEO-IHMxx/x_nucleo_ihmxx.c:1111:6:BSP_MotorControl_CmdReleaseSw	4	static
../Drivers/BSP/X-NUCLEO-IHMxx/x_nucleo_ihmxx.c:1128:6:BSP_MotorControl_CmdResetDevice	0	static
../Drivers/BSP/X-NUCLEO-IHMxx/x_nucleo_ihmxx.c:1145:6:BSP_MotorControl_CmdResetPos	0	static
../Drivers/BSP/X-NUCLEO-IHMxx/x_nucleo_ihmxx.c:1164:6:BSP_MotorControl_CmdRun	4	static
../Drivers/BSP/X-NUCLEO-IHMxx/x_nucleo_ihmxx.c:1181:6:BSP_MotorControl_CmdSoftHiZ	0	static
../Drivers/BSP/X-NUCLEO-IHMxx/x_nucleo_ihmxx.c:1199:6:BSP_MotorControl_CmdStepClock	0	static
../Drivers/BSP/X-NUCLEO-IHMxx/x_nucleo_ihmxx.c:1221:6:BSP_MotorControl_FetchAndClearAllStatus	0	static
../Drivers/BSP/X-NUCLEO-IHMxx/x_nucleo_ihmxx.c:1241:10:BSP_MotorControl_GetFetchedStatus	8	static
../Drivers/BSP/X-NUCLEO-IHMxx/x_nucleo_ihmxx.c:1259:9:BSP_MotorControl_GetNbDevices	8	static
../Drivers/BSP/X-NUCLEO-IHMxx/x_nucleo_ihmxx.c:1279:6:BSP_MotorControl_IsDeviceBusy	8	static
../Drivers/BSP/X-NUCLEO-IHMxx/x_nucleo_ihmxx.c:1298:6:BSP_MotorControl_SendQueuedCommands	0	static
../Drivers/BSP/X-NUCLEO-IHMxx/x_nucleo_ihmxx.c:1324:6:BSP_MotorControl_QueueCommands	4	static
../Drivers/BSP/X-NUCLEO-IHMxx/x_nucleo_ihmxx.c:1340:6:BSP_MotorControl_WaitForAllDevicesNotBusy	0	static
../Drivers/BSP/X-NUCLEO-IHMxx/x_nucleo_ihmxx.c:1356:6:BSP_MotorControl_BusyInterruptHandler	0	static
../Drivers/BSP/X-NUCLEO-IHMxx/x_nucleo_ihmxx.c:1373:6:BSP_MotorControl_CmdSoftStop	0	static
../Drivers/BSP/X-NUCLEO-IHMxx/x_nucleo_ihmxx.c:1391:6:BSP_MotorControl_StartStepClock	8	static
../Drivers/BSP/X-NUCLEO-IHMxx/x_nucleo_ihmxx.c:1407:6:BSP_MotorControl_StopStepClock	0	static
../Drivers/BSP/X-NUCLEO-IHMxx/x_nucleo_ihmxx.c:1427:6:BSP_MotorControl_SetDualFullBridgeConfig	0	static
../Drivers/BSP/X-NUCLEO-IHMxx/x_nucleo_ihmxx.c:1445:10:BSP_MotorControl_GetBridgeInputPwmFreq	8	static
../Drivers/BSP/X-NUCLEO-IHMxx/x_nucleo_ihmxx.c:1467:6:BSP_MotorControl_SetBridgeInputPwmFreq	0	static
../Drivers/BSP/X-NUCLEO-IHMxx/x_nucleo_ihmxx.c:1488:6:BSP_MotorControl_SetStopMode	0	static
../Drivers/BSP/X-NUCLEO-IHMxx/x_nucleo_ihmxx.c:1506:17:BSP_MotorControl_GetStopMode	8	static
../Drivers/BSP/X-NUCLEO-IHMxx/x_nucleo_ihmxx.c:1528:6:BSP_MotorControl_SetDecayMode	0	static
../Drivers/BSP/X-NUCLEO-IHMxx/x_nucleo_ihmxx.c:1546:18:BSP_MotorControl_GetDecayMode	8	static
../Drivers/BSP/X-NUCLEO-IHMxx/x_nucleo_ihmxx.c:1567:17:BSP_MotorControl_GetStepMode	8	static
../Drivers/BSP/X-NUCLEO-IHMxx/x_nucleo_ihmxx.c:1588:12:BSP_MotorControl_GetDirection	8	static
../Drivers/BSP/X-NUCLEO-IHMxx/x_nucleo_ihmxx.c:1608:6:BSP_MotorControl_ExitDeviceFromReset	0	static
../Drivers/BSP/X-NUCLEO-IHMxx/x_nucleo_ihmxx.c:1626:9:BSP_MotorControl_GetTorque	8	static
../Drivers/BSP/X-NUCLEO-IHMxx/x_nucleo_ihmxx.c:1648:6:BSP_MotorControl_SetTorque	4	static
../Drivers/BSP/X-NUCLEO-IHMxx/x_nucleo_ihmxx.c:1666:6:BSP_MotorControl_SetRefFreq	0	static
../Drivers/BSP/X-NUCLEO-IHMxx/x_nucleo_ihmxx.c:1683:10:BSP_MotorControl_GetRefFreq	8	static
../Drivers/BSP/X-NUCLEO-IHMxx/x_nucleo_ihmxx.c:1703:6:BSP_MotorControl_SetRefDc	0	static
../Drivers/BSP/X-NUCLEO-IHMxx/x_nucleo_ihmxx.c:1720:9:BSP_MotorControl_GetRefDc	8	static
../Drivers/BSP/X-NUCLEO-IHMxx/x_nucleo_ihmxx.c:1742:6:BSP_MotorControl_SetNbDevices	8	static
../Drivers/BSP/X-NUCLEO-IHMxx/x_nucleo_ihmxx.c:1801:6:BSP_MotorControl_SetAnalogValue	8	static
../Drivers/BSP/X-NUCLEO-IHMxx/x_nucleo_ihmxx.c:1821:7:BSP_MotorControl_GetAnalogValue	8	static
../Drivers/BSP/X-NUCLEO-IHMxx/x_nucleo_ihmxx.c:1841:6:BSP_MotorControl_SetTorqueBoostEnable	0	static
../Drivers/BSP/X-NUCLEO-IHMxx/x_nucleo_ihmxx.c:1858:6:BSP_MotorControl_GetTorqueBoostEnable	8	static
../Drivers/BSP/X-NUCLEO-IHMxx/x_nucleo_ihmxx.c:1879:6:BSP_MotorControl_SetTorqueBoostThreshold	0	static
../Drivers/BSP/X-NUCLEO-IHMxx/x_nucleo_ihmxx.c:1897:7:BSP_MotorControl_GetTorqueBoostThreshold	8	static
../Drivers/BSP/X-NUCLEO-IHMxx/x_nucleo_ihmxx.c:1918:9:BSP_MotorControl_GetDualFullBridgeConfig	8	static
