../Core/Src/main.c:295:6:HAL_UARTEx_RxEventCallback	24	static
../Core/Src/main.c:344:6:HAL_ADC_ConvCpltCallback	24	static
../Core/Src/main.c:559:6:ButtonHandler	8	static
../Core/Src/main.c:570:6:Error_Handler	8	static
../Core/Src/main.c:537:13:MotorFailureHandler	8	static
../Core/Src/main.c:133:6:SystemClock_Config	104	static
../Core/Src/main.c:91:5:main	56	static,ignoring_inline_asm
../Core/Src/main.c:327:6:HAL_UART_ErrorCallback	8	static
../Core/Src/main.c:547:6:MotorErrHandler	8	static
