../Core/Src/stm32l4xx_hal_msp.c:72:6:HAL_MspInit	8	static
../Core/Src/stm32l4xx_hal_msp.c:94:6:HAL_ADC_MspInit	176	static
../Core/Src/stm32l4xx_hal_msp.c:148:6:HAL_ADC_MspDeInit	8	static
../Core/Src/stm32l4xx_hal_msp.c:178:6:HAL_TIM_OC_MspInit	40	static
../Core/Src/stm32l4xx_hal_msp.c:208:6:HAL_TIM_PWM_MspInit	40	static
../Core/Src/stm32l4xx_hal_msp.c:229:6:HAL_TIM_MspPostInit	40	static
../Core/Src/stm32l4xx_hal_msp.c:281:6:HAL_TIM_OC_MspDeInit	8	static
../Core/Src/stm32l4xx_hal_msp.c:309:6:HAL_TIM_PWM_MspDeInit	0	static
../Core/Src/stm32l4xx_hal_msp.c:332:6:HAL_UART_MspInit	184	static
../Core/Src/stm32l4xx_hal_msp.c:417:6:HAL_UART_MspDeInit	8	static
../Core/Src/stm32l4xx_hal_msp.c:453:6:HAL_TIM_OC_DelayElapsedCallback	0	static
../Core/Src/stm32l4xx_hal_msp.c:467:6:HAL_GPIO_EXTI_Callback	0	static
