Archive member included to satisfy reference by file (symbol)

c:/st/stm32cubeide_1.12.0/stm32cubeide/plugins/com.st.stm32cube.ide.mcu.externaltools.gnu-tools-for-stm32.10.3-2021.10.win32_1.0.200.202301161003/tools/bin/../lib/gcc/arm-none-eabi/10.3.1/../../../../arm-none-eabi/lib/thumb/v7e-m+fp/hard\libc_nano.a(lib_a-atof.o)
                              ./Core/Src/main.o (atof)
c:/st/stm32cubeide_1.12.0/stm32cubeide/plugins/com.st.stm32cube.ide.mcu.externaltools.gnu-tools-for-stm32.10.3-2021.10.win32_1.0.200.202301161003/tools/bin/../lib/gcc/arm-none-eabi/10.3.1/../../../../arm-none-eabi/lib/thumb/v7e-m+fp/hard\libc_nano.a(lib_a-errno.o)
                              ./Core/Src/syscalls.o (__errno)
c:/st/stm32cubeide_1.12.0/stm32cubeide/plugins/com.st.stm32cube.ide.mcu.externaltools.gnu-tools-for-stm32.10.3-2021.10.win32_1.0.200.202301161003/tools/bin/../lib/gcc/arm-none-eabi/10.3.1/../../../../arm-none-eabi/lib/thumb/v7e-m+fp/hard\libc_nano.a(lib_a-exit.o)
                              c:/st/stm32cubeide_1.12.0/stm32cubeide/plugins/com.st.stm32cube.ide.mcu.externaltools.gnu-tools-for-stm32.10.3-2021.10.win32_1.0.200.202301161003/tools/bin/../lib/gcc/arm-none-eabi/10.3.1/../../../../arm-none-eabi/lib/thumb/v7e-m+fp/hard/crt0.o (exit)
c:/st/stm32cubeide_1.12.0/stm32cubeide/plugins/com.st.stm32cube.ide.mcu.externaltools.gnu-tools-for-stm32.10.3-2021.10.win32_1.0.200.202301161003/tools/bin/../lib/gcc/arm-none-eabi/10.3.1/../../../../arm-none-eabi/lib/thumb/v7e-m+fp/hard\libc_nano.a(lib_a-impure.o)
                              c:/st/stm32cubeide_1.12.0/stm32cubeide/plugins/com.st.stm32cube.ide.mcu.externaltools.gnu-tools-for-stm32.10.3-2021.10.win32_1.0.200.202301161003/tools/bin/../lib/gcc/arm-none-eabi/10.3.1/../../../../arm-none-eabi/lib/thumb/v7e-m+fp/hard\libc_nano.a(lib_a-exit.o) (_global_impure_ptr)
c:/st/stm32cubeide_1.12.0/stm32cubeide/plugins/com.st.stm32cube.ide.mcu.externaltools.gnu-tools-for-stm32.10.3-2021.10.win32_1.0.200.202301161003/tools/bin/../lib/gcc/arm-none-eabi/10.3.1/../../../../arm-none-eabi/lib/thumb/v7e-m+fp/hard\libc_nano.a(lib_a-init.o)
                              c:/st/stm32cubeide_1.12.0/stm32cubeide/plugins/com.st.stm32cube.ide.mcu.externaltools.gnu-tools-for-stm32.10.3-2021.10.win32_1.0.200.202301161003/tools/bin/../lib/gcc/arm-none-eabi/10.3.1/../../../../arm-none-eabi/lib/thumb/v7e-m+fp/hard/crt0.o (__libc_init_array)
c:/st/stm32cubeide_1.12.0/stm32cubeide/plugins/com.st.stm32cube.ide.mcu.externaltools.gnu-tools-for-stm32.10.3-2021.10.win32_1.0.200.202301161003/tools/bin/../lib/gcc/arm-none-eabi/10.3.1/../../../../arm-none-eabi/lib/thumb/v7e-m+fp/hard\libc_nano.a(lib_a-memcpy-stub.o)
                              ./Core/Src/main.o (memcpy)
c:/st/stm32cubeide_1.12.0/stm32cubeide/plugins/com.st.stm32cube.ide.mcu.externaltools.gnu-tools-for-stm32.10.3-2021.10.win32_1.0.200.202301161003/tools/bin/../lib/gcc/arm-none-eabi/10.3.1/../../../../arm-none-eabi/lib/thumb/v7e-m+fp/hard\libc_nano.a(lib_a-memset.o)
                              c:/st/stm32cubeide_1.12.0/stm32cubeide/plugins/com.st.stm32cube.ide.mcu.externaltools.gnu-tools-for-stm32.10.3-2021.10.win32_1.0.200.202301161003/tools/bin/../lib/gcc/arm-none-eabi/10.3.1/../../../../arm-none-eabi/lib/thumb/v7e-m+fp/hard/crt0.o (memset)
c:/st/stm32cubeide_1.12.0/stm32cubeide/plugins/com.st.stm32cube.ide.mcu.externaltools.gnu-tools-for-stm32.10.3-2021.10.win32_1.0.200.202301161003/tools/bin/../lib/gcc/arm-none-eabi/10.3.1/../../../../arm-none-eabi/lib/thumb/v7e-m+fp/hard\libc_nano.a(lib_a-strtod.o)
                              c:/st/stm32cubeide_1.12.0/stm32cubeide/plugins/com.st.stm32cube.ide.mcu.externaltools.gnu-tools-for-stm32.10.3-2021.10.win32_1.0.200.202301161003/tools/bin/../lib/gcc/arm-none-eabi/10.3.1/../../../../arm-none-eabi/lib/thumb/v7e-m+fp/hard\libc_nano.a(lib_a-atof.o) (strtod)
c:/st/stm32cubeide_1.12.0/stm32cubeide/plugins/com.st.stm32cube.ide.mcu.externaltools.gnu-tools-for-stm32.10.3-2021.10.win32_1.0.200.202301161003/tools/bin/../lib/gcc/arm-none-eabi/10.3.1/../../../../arm-none-eabi/lib/thumb/v7e-m+fp/hard\libc_nano.a(lib_a-gdtoa-gethex.o)
                              c:/st/stm32cubeide_1.12.0/stm32cubeide/plugins/com.st.stm32cube.ide.mcu.externaltools.gnu-tools-for-stm32.10.3-2021.10.win32_1.0.200.202301161003/tools/bin/../lib/gcc/arm-none-eabi/10.3.1/../../../../arm-none-eabi/lib/thumb/v7e-m+fp/hard\libc_nano.a(lib_a-strtod.o) (__gethex)
c:/st/stm32cubeide_1.12.0/stm32cubeide/plugins/com.st.stm32cube.ide.mcu.externaltools.gnu-tools-for-stm32.10.3-2021.10.win32_1.0.200.202301161003/tools/bin/../lib/gcc/arm-none-eabi/10.3.1/../../../../arm-none-eabi/lib/thumb/v7e-m+fp/hard\libc_nano.a(lib_a-gdtoa-hexnan.o)
[...]
Memory Configuration

Name             Origin             Length             Attributes
RAM              0x0000000020000000 0x0000000000018000 xrw
RAM2             0x0000000010000000 0x0000000000008000 xrw
FLASH            0x0000000008000000 0x0000000000100000 xr
*default*        0x0000000000000000 0xffffffffffffffff

Linker script and memory map

LOAD c:/st/stm32cubeide_1.12.0/stm32cubeide/plugins/com.st.stm32cube.ide.mcu.externaltools.gnu-tools-for-stm32.10.3-2021.10.win32_1.0.200.202301161003/tools/bin/../lib/gcc/arm-none-eabi/10.3.1/thumb/v7e-m+fp/hard/crti.o
LOAD c:/st/stm32cubeide_1.12.0/stm32cubeide/plugins/com.st.stm32cube.ide.mcu.externaltools.gnu-tools-for-stm32.10.3-2021.10.win32_1.0.200.202301161003/tools/bin/../lib/gcc/arm-none-eabi/10.3.1/thumb/v7e-m+fp/hard/crtbegin.o
LOAD c:/st/stm32cubeide_1.12.0/stm32cubeide/plugins/com.st.stm32cube.ide.mcu.externaltools.gnu-tools-for-stm32.10.3-2021.10.win32_1.0.200.202301161003/tools/bin/../lib/gcc/arm-none-eabi/10.3.1/../../../../arm-none-eabi/lib/thumb/v7e-m+fp/hard/crt0.o
LOAD ./Core/Src/main.o
LOAD ./Core/Src/stm32l4xx_hal_msp.o
LOAD ./Core/Src/stm32l4xx_it.o
LOAD ./Core/Src/syscalls.o
LOAD ./Core/Src/sysmem.o
LOAD ./Core/Src/system_stm32l4xx.o
LOAD ./Core/Startup/startup_stm32l476rgtx.o
LOAD ./Drivers/BSP/Components/stspin220/stspin220.o
LOAD ./Drivers/BSP/STM32L4xx_Nucleo/stm32l4xx_nucleo.o
LOAD ./Drivers/BSP/X-NUCLEO-IHMxx/x_nucleo_ihm06a1_stm32l4xx.o
LOAD ./Drivers/BSP/X-NUCLEO-IHMxx/x_nucleo_ihmxx.o
LOAD ./Drivers/STM32L4xx_HAL_Driver/Src/stm32l4xx_hal.o
LOAD ./Drivers/STM32L4xx_HAL_Driver/Src/stm32l4xx_hal_adc.o
LOAD ./Drivers/STM32L4xx_HAL_Driver/Src/stm32l4xx_hal_adc_ex.o
LOAD ./Drivers/STM32L4xx_HAL_Driver/Src/stm32l4xx_hal_cortex.o
LOAD ./Drivers/STM32L4xx_HAL_Driver/Src/stm32l4xx_hal_dma.o
LOAD ./Drivers/STM32L4xx_HAL_Driver/Src/stm32l4xx_hal_dma_ex.o
LOAD ./Drivers/STM32L4xx_HAL_Driver/Src/stm32l4xx_hal_exti.o
LOAD ./Drivers/STM32L4xx_HAL_Driver/Src/stm32l4xx_hal_flash.o
LOAD ./Drivers/STM32L4xx_HAL_Driver/Src/stm32l4xx_hal_flash_ex.o
LOAD ./Drivers/STM32L4xx_HAL_Driver/Src/stm32l4xx_hal_flash_ramfunc.o
LOAD ./Drivers/STM32L4xx_HAL_Driver/Src/stm32l4xx_hal_gpio.o
LOAD ./Drivers/STM32L4xx_HAL_Driver/Src/stm32l4xx_hal_pwr.o
LOAD ./Drivers/STM32L4xx_HAL_Driver/Src/stm32l4xx_hal_pwr_ex.o
LOAD ./Drivers/STM32L4xx_HAL_Driver/Src/stm32l4xx_hal_rcc.o
LOAD ./Drivers/STM32L4xx_HAL_Driver/Src/stm32l4xx_hal_rcc_ex.o
LOAD ./Drivers/STM32L4xx_HAL_Driver/Src/stm32l4xx_hal_tim.o
LOAD ./Drivers/STM32L4xx_HAL_Driver/Src/stm32l4xx_hal_tim_ex.o
LOAD ./Drivers/STM32L4xx_HAL_Driver/Src/stm32l4xx_hal_uart.o
LOAD ./Drivers/STM32L4xx_HAL_Driver/Src/stm32l4xx_hal_uart_ex.o
START GROUP
LOAD c:/st/stm32cubeide_1.12.0/stm32cubeide/plugins/com.st.stm32cube.ide.mcu.externaltools.gnu-tools-for-stm32.10.3-2021.10.win32_1.0.200.202301161003/tools/bin/../lib/gcc/arm-none-eabi/10.3.1/../../../../arm-none-eabi/lib/thumb/v7e-m+fp/hard\libc_nano.a
LOAD c:/st/stm32cubeide_1.12.0/stm32cubeide/plugins/com.st.stm32cube.ide.mcu.externaltools.gnu-tools-for-stm32.10.3-2021.10.win32_1.0.200.202301161003/tools/bin/../lib/gcc/arm-none-eabi/10.3.1/../../../../arm-none-eabi/lib/thumb/v7e-m+fp/hard\libm.a
END GROUP
START GROUP
LOAD c:/st/stm32cubeide_1.12.0/stm32cubeide/plugins/com.st.stm32cube.ide.mcu.externaltools.gnu-tools-for-stm32.10.3-2021.10.win32_1.0.200.202301161003/tools/bin/../lib/gcc/arm-none-eabi/10.3.1/thumb/v7e-m+fp/hard\libgcc.a
LOAD c:/st/stm32cubeide_1.12.0/stm32cubeide/plugins/com.st.stm32cube.ide.mcu.externaltools.gnu-tools-for-stm32.10.3-2021.10.win32_1.0.200.202301161003/tools/bin/../lib/gcc/arm-none-eabi/10.3.1/../../../../arm-none-eabi/lib/thumb/v7e-m+fp/hard\libc_nano.a
END GROUP
START GROUP
LOAD c:/st/stm32cubeide_1.12.0/stm32cubeide/plugins/com.st.stm32cube.ide.mcu.externaltools.gnu-tools-for-stm32.10.3-2021.10.win32_1.0.200.202301161003/tools/bin/../lib/gcc/arm-none-eabi/10.3.1/thumb/v7e-m+fp/hard\libgcc.a
LOAD c:/st/stm32cubeide_1.12.0/stm32cubeide/plugins/com.st.stm32cube.ide.mcu.externaltools.gnu-tools-for-stm32.10.3-2021.10.win32_1.0.200.202301161003/tools/bin/../lib/gcc/arm-none-eabi/10.3.1/../../../../arm-none-eabi/lib/thumb/v7e-m+fp/hard\libc_nano.a
LOAD c:/st/stm32cubeide_1.12.0/stm32cubeide/plugins/com.st.stm32cube.ide.mcu.externaltools.gnu-tools-for-stm32.10.3-2021.10.win32_1.0.200.202301161003/tools/bin/../lib/gcc/arm-none-eabi/10.3.1/../../../../arm-none-eabi/lib/thumb/v7e-m+fp/hard\libnosys.a
END GROUP
START GROUP
LOAD c:/st/stm32cubeide_1.12.0/stm32cubeide/plugins/com.st.stm32cube.ide.mcu.externaltools.gnu-tools-for-stm32.10.3-2021.10.win32_1.0.200.202301161003/tools/bin/../lib/gcc/arm-none-eabi/10.3.1/thumb/v7e-m+fp/hard\libgcc.a
LOAD c:/st/stm32cubeide_1.12.0/stm32cubeide/plugins/com.st.stm32cube.ide.mcu.externaltools.gnu-tools-for-stm32.10.3-2021.10.win32_1.0.200.202301161003/tools/bin/../lib/gcc/arm-none-eabi/10.3.1/../../../../arm-none-eabi/lib/thumb/v7e-m+fp/hard\libc_nano.a
LOAD c:/st/stm32cubeide_1.12.0/stm32cubeide/plugins/com.st.stm32cube.ide.mcu.externaltools.gnu-tools-for-stm32.10.3-2021.10.win32_1.0.200.202301161003/tools/bin/../lib/gcc/arm-none-eabi/10.3.1/../../../../arm-none-eabi/lib/thumb/v7e-m+fp/hard\libnosys.a
END GROUP
LOAD c:/st/stm32cubeide_1.12.0/stm32cubeide/plugins/com.st.stm32cube.ide.mcu.externaltools.gnu-tools-for-stm32.10.3-2021.10.win32_1.0.200.202301161003/tools/bin/../lib/gcc/arm-none-eabi/10.3.1/thumb/v7e-m+fp/hard/crtend.o
LOAD c:/st/stm32cubeide_1.12.0/stm32cubeide/plugins/com.st.stm32cube.ide.mcu.externaltools.gnu-tools-for-stm32.10.3-2021.10.win32_1.0.200.202301161003/tools/bin/../lib/gcc/arm-none-eabi/10.3.1/thumb/v7e-m+fp/hard/crtn.o
                0x0000000020018000                _estack = (ORIGIN (RAM) + LENGTH (RAM))
                0x0000000000000200                _Min_Heap_Size = 0x200
                0x0000000000000400                _Min_Stack_Size = 0x400

.isr_vector     0x0000000008000000      0x188
                0x0000000008000000                . = ALIGN (0x4)
 *(.isr_vector)
 .isr_vector    0x0000000008000000      0x188 ./Core/Startup/startup_stm32l476rgtx.o
                0x0000000008000000                g_pfnVectors
                0x0000000008000188                . = ALIGN (0x4)

.text           0x0000000008000190     0xa884
                0x0000000008000190                . = ALIGN (0x4)
 *(.text)
 .text          0x0000000008000190       0x40 c:/st/stm32cubeide_1.12.0/stm32cubeide/plugins/com.st.stm32cube.ide.mcu.externaltools.gnu-tools-for-stm32.10.3-2021.10.win32_1.0.200.202301161003/tools/bin/../lib/gcc/arm-none-eabi/10.3.1/thumb/v7e-m+fp/hard/crtbegin.o
 .text          0x00000000080001d0       0x10 c:/st/stm32cubeide_1.12.0/stm32cubeide/plugins/com.st.stm32cube.ide.mcu.externaltools.gnu-tools-for-stm32.10.3-2021.10.win32_1.0.200.202301161003/tools/bin/../lib/gcc/arm-none-eabi/10.3.1/../../../../arm-none-eabi/lib/thumb/v7e-m+fp/hard\libc_nano.a(lib_a-strlen.o)
                0x00000000080001d0                strlen
 .text          0x00000000080001e0       0xa0 c:/st/stm32cubeide_1.12.0/stm32cubeide/plugins/com.st.stm32cube.ide.mcu.externaltools.gnu-tools-for-stm32.10.3-2021.10.win32_1.0.200.202301161003/tools/bin/../lib/gcc/arm-none-eabi/10.3.1/../../../../arm-none-eabi/lib/thumb/v7e-m+fp/hard\libc_nano.a(lib_a-memchr.o)
                0x00000000080001e0                memchr
 .text          0x0000000008000280      0x378 c:/st/stm32cubeide_1.12.0/stm32cubeide/plugins/com.st.stm32cube.ide.mcu.externaltools.gnu-tools-for-stm32.10.3-2021.10.win32_1.0.200.202301161003/tools/bin/../lib/gcc/arm-none-eabi/10.3.1/thumb/v7e-m+fp/hard\libgcc.a(_arm_addsubdf3.o)
                0x0000000008000280                __aeabi_drsub
                0x0000000008000288                __aeabi_dsub
                0x0000000008000288                __subdf3
                0x000000000800028c                __aeabi_dadd
                0x000000000800028c                __adddf3
                0x0000000008000504                __floatunsidf
                0x0000000008000504                __aeabi_ui2d
                0x0000000008000524                __floatsidf
                0x0000000008000524                __aeabi_i2d
                0x0000000008000548                __aeabi_f2d
                0x0000000008000548                __extendsfdf2
                0x000000000800058c                __floatundidf
                0x000000000800058c                __aeabi_ul2d
                0x000000000800059c                __floatdidf
                0x000000000800059c                __aeabi_l2d
 .text          0x00000000080005f8      0x424 c:/st/stm32cubeide_1.12.0/stm32cubeide/plugins/com.st.stm32cube.ide.mcu.externaltools.gnu-tools-for-stm32.10.3-2021.10.win32_1.0.200.202301161003/tools/bin/../lib/gcc/arm-none-eabi/10.3.1/thumb/v7e-m+fp/hard\libgcc.a(_arm_muldivdf3.o)
                0x00000000080005f8                __aeabi_dmul
                0x00000000080005f8                __muldf3
                0x000000000800084c                __divdf3
                0x000000000800084c                __aeabi_ddiv
 .text          0x0000000008000a1c      0x110 c:/st/stm32cubeide_1.12.0/stm32cubeide/plugins/com.st.stm32cube.ide.mcu.externaltools.gnu-tools-for-stm32.10.3-2021.10.win32_1.0.200.202301161003/tools/bin/../lib/gcc/arm-none-eabi/10.3.1/thumb/v7e-m+fp/hard\libgcc.a(_arm_cmpdf2.o)
                0x0000000008000a1c                __gtdf2
                0x0000000008000a1c                __gedf2
                0x0000000008000a24                __ltdf2
                0x0000000008000a24                __ledf2
                0x0000000008000a2c                __nedf2
                0x0000000008000a2c                __eqdf2
                0x0000000008000a2c                __cmpdf2
                0x0000000008000aa8                __aeabi_cdrcmple
                0x0000000008000ab8                __aeabi_cdcmpeq
                0x0000000008000ab8                __aeabi_cdcmple
                0x0000000008000ac8                __aeabi_dcmpeq
                0x0000000008000adc                __aeabi_dcmplt
                0x0000000008000af0                __aeabi_dcmple
                0x0000000008000b04                __aeabi_dcmpge
                0x0000000008000b18                __aeabi_dcmpgt
 .text          0x0000000008000b2c       0x40 c:/st/stm32cubeide_1.12.0/stm32cubeide/plugins/com.st.stm32cube.ide.mcu.externaltools.gnu-tools-for-stm32.10.3-2021.10.win32_1.0.200.202301161003/tools/bin/../lib/gcc/arm-none-eabi/10.3.1/thumb/v7e-m+fp/hard\libgcc.a(_arm_fixunsdfsi.o)
                0x0000000008000b2c                __aeabi_d2uiz
                0x0000000008000b2c                __fixunsdfsi
 .text          0x0000000008000b6c       0xa0 c:/st/stm32cubeide_1.12.0/stm32cubeide/plugins/com.st.stm32cube.ide.mcu.externaltools.gnu-tools-for-stm32.10.3-2021.10.win32_1.0.200.202301161003/tools/bin/../lib/gcc/arm-none-eabi/10.3.1/thumb/v7e-m+fp/hard\libgcc.a(_arm_truncdfsf2.o)
                0x0000000008000b6c                __truncdfsf2
                0x0000000008000b6c                __aeabi_d2f
 .text          0x0000000008000c0c       0x30 c:/st/stm32cubeide_1.12.0/stm32cubeide/plugins/com.st.stm32cube.ide.mcu.externaltools.gnu-tools-for-stm32.10.3-2021.10.win32_1.0.200.202301161003/tools/bin/../lib/gcc/arm-none-eabi/10.3.1/thumb/v7e-m+fp/hard\libgcc.a(_aeabi_uldivmod.o)
                0x0000000008000c0c                __aeabi_uldivmod
 .text          0x0000000008000c3c       0x30 c:/st/stm32cubeide_1.12.0/stm32cubeide/plugins/com.st.stm32cube.ide.mcu.externaltools.gnu-tools-for-stm32.10.3-2021.10.win32_1.0.200.202301161003/tools/bin/../lib/gcc/arm-none-eabi/10.3.1/thumb/v7e-m+fp/hard\libgcc.a(_fixdfdi.o)
                0x0000000008000c3c                __fixdfdi
                0x0000000008000c3c                __aeabi_d2lz
 .text          0x0000000008000c6c       0x3c c:/st/stm32cubeide_1.12.0/stm32cubeide/plugins/com.st.stm32cube.ide.mcu.externaltools.gnu-tools-for-stm32.10.3-2021.10.win32_1.0.200.202301161003/tools/bin/../lib/gcc/arm-none-eabi/10.3.1/thumb/v7e-m+fp/hard\libgcc.a(_fixunsdfdi.o)
                0x0000000008000c6c                __fixunsdfdi
                0x0000000008000c6c                __aeabi_d2ulz
 .text          0x0000000008000ca8      0x2d0 c:/st/stm32cubeide_1.12.0/stm32cubeide/plugins/com.st.stm32cube.ide.mcu.externaltools.gnu-tools-for-stm32.10.3-2021.10.win32_1.0.200.202301161003/tools/bin/../lib/gcc/arm-none-eabi/10.3.1/thumb/v7e-m+fp/hard\libgcc.a(_udivmoddi4.o)
                0x0000000008000ca8                __udivmoddi4
 .text          0x0000000008000f78        0x4 c:/st/stm32cubeide_1.12.0/stm32cubeide/plugins/com.st.stm32cube.ide.mcu.externaltools.gnu-tools-for-stm32.10.3-2021.10.win32_1.0.200.202301161003/tools/bin/../lib/gcc/arm-none-eabi/10.3.1/thumb/v7e-m+fp/hard\libgcc.a(_dvmd_tls.o)
                0x0000000008000f78                __aeabi_idiv0
                0x0000000008000f78                __aeabi_ldiv0
 *(.text*)
 .text.HAL_UARTEx_RxEventCallback
                0x0000000008000f7c       0xc4 ./Core/Src/main.o
                0x0000000008000f7c                HAL_UARTEx_RxEventCallback
 .text.HAL_ADC_ConvCpltCallback
                0x0000000008001040      0x140 ./Core/Src/main.o
                0x0000000008001040                HAL_ADC_ConvCpltCallback
 .text.ButtonHandler
                0x0000000008001180       0x24 ./Core/Src/main.o
                0x0000000008001180                ButtonHandler
 .text.Error_Handler
                0x00000000080011a4       0x24 ./Core/Src/main.o
                0x00000000080011a4                Error_Handler
 .text.MotorFailureHandler
                0x00000000080011c8        0x8 ./Core/Src/main.o
 .text.SystemClock_Config
                0x00000000080011d0       0x98 ./Core/Src/main.o
                0x00000000080011d0                SystemClock_Config
 .text.startup.main
                0x0000000008001268      0x36c ./Core/Src/main.o
                0x0000000008001268                main
 .text.HAL_UART_ErrorCallback
                0x00000000080015d4       0x3c ./Core/Src/main.o
                0x00000000080015d4                HAL_UART_ErrorCallback
 .text.MotorErrHandler
                0x0000000008001610       0x10 ./Core/Src/main.o
                0x0000000008001610                MotorErrHandler
 .text.HAL_MspInit
                0x0000000008001620       0x30 ./Core/Src/stm32l4xx_hal_msp.o
                0x0000000008001620                HAL_MspInit
 .text.HAL_ADC_MspInit
                0x0000000008001650       0xd8 ./Core/Src/stm32l4xx_hal_msp.o
                0x0000000008001650                HAL_ADC_MspInit
 .text.HAL_TIM_OC_MspInit
                0x0000000008001728       0x64 ./Core/Src/stm32l4xx_hal_msp.o
                0x0000000008001728                HAL_TIM_OC_MspInit
 .text.HAL_TIM_PWM_MspInit
                0x000000000800178c       0x48 ./Core/Src/stm32l4xx_hal_msp.o
                0x000000000800178c                HAL_TIM_PWM_MspInit
 .text.HAL_TIM_OC_MspDeInit
                0x00000000080017d4       0x30 ./Core/Src/stm32l4xx_hal_msp.o
                0x00000000080017d4                HAL_TIM_OC_MspDeInit
 .text.HAL_UART_MspInit
                0x0000000008001804      0x10c ./Core/Src/stm32l4xx_hal_msp.o
                0x0000000008001804                HAL_UART_MspInit
 .text.HAL_TIM_OC_DelayElapsedCallback
                0x0000000008001910       0x18 ./Core/Src/stm32l4xx_hal_msp.o
                0x0000000008001910                HAL_TIM_OC_DelayElapsedCallback
 .text.HAL_GPIO_EXTI_Callback
                0x0000000008001928       0x18 ./Core/Src/stm32l4xx_hal_msp.o
                0x0000000008001928                HAL_GPIO_EXTI_Callback
 .text.NMI_Handler
                0x0000000008001940        0x4 ./Core/Src/stm32l4xx_it.o
                0x0000000008001940                NMI_Handler
 .text.HardFault_Handler
                0x0000000008001944        0x4 ./Core/Src/stm32l4xx_it.o
                0x0000000008001944                HardFault_Handler
 .text.MemManage_Handler
                0x0000000008001948        0x4 ./Core/Src/stm32l4xx_it.o
                0x0000000008001948                MemManage_Handler
 .text.BusFault_Handler
                0x000000000800194c        0x4 ./Core/Src/stm32l4xx_it.o
                0x000000000800194c                BusFault_Handler
 .text.UsageFault_Handler
                0x0000000008001950        0x4 ./Core/Src/stm32l4xx_it.o
                0x0000000008001950                UsageFault_Handler
 .text.SVC_Handler
                0x0000000008001954        0x4 ./Core/Src/stm32l4xx_it.o
                0x0000000008001954                SVC_Handler
 .text.DebugMon_Handler
                0x0000000008001958        0x4 ./Core/Src/stm32l4xx_it.o
                0x0000000008001958                DebugMon_Handler
 .text.PendSV_Handler
                0x000000000800195c        0x4 ./Core/Src/stm32l4xx_it.o
                0x000000000800195c                PendSV_Handler
 .text.SysTick_Handler
                0x0000000008001960        0x4 ./Core/Src/stm32l4xx_it.o
                0x0000000008001960                SysTick_Handler
 .text.DMA1_Channel6_IRQHandler
                0x0000000008001964        0xc ./Core/Src/stm32l4xx_it.o
                0x0000000008001964                DMA1_Channel6_IRQHandler
 .text.DMA1_Channel7_IRQHandler
                0x0000000008001970        0xc ./Core/Src/stm32l4xx_it.o
                0x0000000008001970                DMA1_Channel7_IRQHandler
 .text.ADC1_2_IRQHandler
                0x000000000800197c        0xc ./Core/Src/stm32l4xx_it.o
                0x000000000800197c                ADC1_2_IRQHandler
 .text.TIM2_IRQHandler
                0x0000000008001988        0xc ./Core/Src/stm32l4xx_it.o
                0x0000000008001988                TIM2_IRQHandler
 .text.USART2_IRQHandler
                0x0000000008001994       0x4c ./Core/Src/stm32l4xx_it.o
                0x0000000008001994                USART2_IRQHandler
 .text.EXTI15_10_IRQHandler
                0x00000000080019e0       0x18 ./Core/Src/stm32l4xx_it.o
                0x00000000080019e0                EXTI15_10_IRQHandler
 .text._getpid  0x00000000080019f8        0x4 ./Core/Src/syscalls.o
                0x00000000080019f8                _getpid
 .text._kill    0x00000000080019fc       0x10 ./Core/Src/syscalls.o
                0x00000000080019fc                _kill
 .text._exit    0x0000000008001a0c        0xc ./Core/Src/syscalls.o
                0x0000000008001a0c                _exit
 .text._read    0x0000000008001a18       0x1c ./Core/Src/syscalls.o
                0x0000000008001a18                _read
 .text._write   0x0000000008001a34       0x1c ./Core/Src/syscalls.o
                0x0000000008001a34                _write
 .text._close   0x0000000008001a50        0x8 ./Core/Src/syscalls.o
                0x0000000008001a50                _close
 .text._fstat   0x0000000008001a58        0xc ./Core/Src/syscalls.o
                0x0000000008001a58                _fstat
 .text._isatty  0x0000000008001a64        0x4 ./Core/Src/syscalls.o
                0x0000000008001a64                _isatty
 .text._lseek   0x0000000008001a68        0x4 ./Core/Src/syscalls.o
                0x0000000008001a68                _lseek
 .text._sbrk    0x0000000008001a6c       0x44 ./Core/Src/sysmem.o
                0x0000000008001a6c                _sbrk
 .text.SystemInit
                0x0000000008001ab0       0x14 ./Core/Src/system_stm32l4xx.o
                0x0000000008001ab0                SystemInit
 .text.Reset_Handler
                0x0000000008001ac4       0x50 ./Core/Startup/startup_stm32l476rgtx.o
                0x0000000008001ac4                Reset_Handler
 .text.Default_Handler
                0x0000000008001b14        0x2 ./Core/Startup/startup_stm32l476rgtx.o
                0x0000000008001b14                RTC_Alarm_IRQHandler
                0x0000000008001b14                EXTI2_IRQHandler
                0x0000000008001b14                TIM8_TRG_COM_IRQHandler
                0x0000000008001b14                TIM8_CC_IRQHandler
                0x0000000008001b14                TIM1_CC_IRQHandler
                0x0000000008001b14                TSC_IRQHandler
                0x0000000008001b14                TAMP_STAMP_IRQHandler
                0x0000000008001b14                EXTI3_IRQHandler
                0x0000000008001b14                LPTIM2_IRQHandler
                0x0000000008001b14                DFSDM1_FLT1_IRQHandler
                0x0000000008001b14                I2C3_ER_IRQHandler
                0x0000000008001b14                DFSDM1_FLT2_IRQHandler
                0x0000000008001b14                EXTI0_IRQHandler
                0x0000000008001b14                I2C2_EV_IRQHandler
                0x0000000008001b14                CAN1_RX0_IRQHandler
                0x0000000008001b14                FPU_IRQHandler
                0x0000000008001b14                TIM1_UP_TIM16_IRQHandler
                0x0000000008001b14                SPI1_IRQHandler
                0x0000000008001b14                TIM6_DAC_IRQHandler
                0x0000000008001b14                TIM8_UP_IRQHandler
                0x0000000008001b14                DMA2_Channel2_IRQHandler
                0x0000000008001b14                DMA1_Channel4_IRQHandler
                0x0000000008001b14                SAI2_IRQHandler
                0x0000000008001b14                DFSDM1_FLT3_IRQHandler
                0x0000000008001b14                USART3_IRQHandler
                0x0000000008001b14                CAN1_RX1_IRQHandler
                0x0000000008001b14                LCD_IRQHandler
                0x0000000008001b14                UART5_IRQHandler
                0x0000000008001b14                ADC3_IRQHandler
                0x0000000008001b14                TIM4_IRQHandler
                0x0000000008001b14                DMA2_Channel1_IRQHandler
                0x0000000008001b14                QUADSPI_IRQHandler
                0x0000000008001b14                I2C1_EV_IRQHandler
                0x0000000008001b14                UART4_IRQHandler
                0x0000000008001b14                DMA2_Channel4_IRQHandler
                0x0000000008001b14                TIM3_IRQHandler
                0x0000000008001b14                RCC_IRQHandler
                0x0000000008001b14                DMA1_Channel1_IRQHandler
                0x0000000008001b14                Default_Handler
                0x0000000008001b14                DMA2_Channel7_IRQHandler
                0x0000000008001b14                TIM7_IRQHandler
                0x0000000008001b14                SDMMC1_IRQHandler
                0x0000000008001b14                TIM5_IRQHandler
                0x0000000008001b14                I2C3_EV_IRQHandler
                0x0000000008001b14                EXTI9_5_IRQHandler
                0x0000000008001b14                RTC_WKUP_IRQHandler
                0x0000000008001b14                PVD_PVM_IRQHandler
                0x0000000008001b14                SPI2_IRQHandler
                0x0000000008001b14                CAN1_TX_IRQHandler
                0x0000000008001b14                DMA2_Channel5_IRQHandler
                0x0000000008001b14                DMA1_Channel5_IRQHandler
                0x0000000008001b14                EXTI4_IRQHandler
                0x0000000008001b14                RNG_IRQHandler
                0x0000000008001b14                TIM1_TRG_COM_TIM17_IRQHandler
                0x0000000008001b14                DMA1_Channel3_IRQHandler
                0x0000000008001b14                COMP_IRQHandler
                0x0000000008001b14                WWDG_IRQHandler
                0x0000000008001b14                LPUART1_IRQHandler
                0x0000000008001b14                DMA2_Channel6_IRQHandler
                0x0000000008001b14                EXTI1_IRQHandler
                0x0000000008001b14                DFSDM1_FLT0_IRQHandler
                0x0000000008001b14                I2C2_ER_IRQHandler
                0x0000000008001b14                DMA1_Channel2_IRQHandler
                0x0000000008001b14                TIM8_BRK_IRQHandler
                0x0000000008001b14                CAN1_SCE_IRQHandler
                0x0000000008001b14                FLASH_IRQHandler
                0x0000000008001b14                USART1_IRQHandler
                0x0000000008001b14                OTG_FS_IRQHandler
                0x0000000008001b14                SPI3_IRQHandler
                0x0000000008001b14                I2C1_ER_IRQHandler
                0x0000000008001b14                FMC_IRQHandler
                0x0000000008001b14                SWPMI1_IRQHandler
                0x0000000008001b14                LPTIM1_IRQHandler
                0x0000000008001b14                SAI1_IRQHandler
                0x0000000008001b14                DMA2_Channel3_IRQHandler
                0x0000000008001b14                TIM1_BRK_TIM15_IRQHandler
 *fill*         0x0000000008001b16        0x2 
 .text.Stspin220_ReadId
                0x0000000008001b18        0xc ./Drivers/BSP/Components/stspin220/stspin220.o
                0x0000000008001b18                Stspin220_ReadId
 .text.Stspin220_AttachErrorHandler
                0x0000000008001b24        0xc ./Drivers/BSP/Components/stspin220/stspin220.o
                0x0000000008001b24                Stspin220_AttachErrorHandler
 .text.Stspin220_AttachFlagInterrupt
                0x0000000008001b30        0xc ./Drivers/BSP/Components/stspin220/stspin220.o
                0x0000000008001b30                Stspin220_AttachFlagInterrupt
 .text.Stspin220_ErrorHandler
                0x0000000008001b3c       0x10 ./Drivers/BSP/Components/stspin220/stspin220.o
                0x0000000008001b3c                Stspin220_ErrorHandler
 .text.Stspin220_GetAcceleration
                0x0000000008001b4c        0xc ./Drivers/BSP/Components/stspin220/stspin220.o
                0x0000000008001b4c                Stspin220_GetAcceleration
 .text.Stspin220_GetCurrentSpeed
                0x0000000008001b58        0xc ./Drivers/BSP/Components/stspin220/stspin220.o
                0x0000000008001b58                Stspin220_GetCurrentSpeed
 .text.Stspin220_GetDeceleration
                0x0000000008001b64        0xc ./Drivers/BSP/Components/stspin220/stspin220.o
                0x0000000008001b64                Stspin220_GetDeceleration
 .text.Stspin220_GetDeviceState
                0x0000000008001b70        0xc ./Drivers/BSP/Components/stspin220/stspin220.o
                0x0000000008001b70                Stspin220_GetDeviceState
 .text.Stspin220_GetDirection
                0x0000000008001b7c        0xc ./Drivers/BSP/Components/stspin220/stspin220.o
                0x0000000008001b7c                Stspin220_GetDirection
 .text.Stspin220_GetFwVersion
                0x0000000008001b88        0x8 ./Drivers/BSP/Components/stspin220/stspin220.o
                0x0000000008001b88                Stspin220_GetFwVersion
 .text.Stspin220_GetMark
                0x0000000008001b90        0xc ./Drivers/BSP/Components/stspin220/stspin220.o
                0x0000000008001b90                Stspin220_GetMark
 .text.Stspin220_GetMaxSpeed
                0x0000000008001b9c        0xc ./Drivers/BSP/Components/stspin220/stspin220.o
                0x0000000008001b9c                Stspin220_GetMaxSpeed
 .text.Stspin220_GetMinSpeed
                0x0000000008001ba8        0xc ./Drivers/BSP/Components/stspin220/stspin220.o
                0x0000000008001ba8                Stspin220_GetMinSpeed
 .text.Stspin220_GetNbDevices
                0x0000000008001bb4        0xc ./Drivers/BSP/Components/stspin220/stspin220.o
                0x0000000008001bb4                Stspin220_GetNbDevices
 .text.Stspin220_GetPosition
                0x0000000008001bc0        0xc ./Drivers/BSP/Components/stspin220/stspin220.o
                0x0000000008001bc0                Stspin220_GetPosition
 .text.Stspin220_GetStepMode
                0x0000000008001bcc        0xc ./Drivers/BSP/Components/stspin220/stspin220.o
                0x0000000008001bcc                Stspin220_GetStepMode
 .text.Stspin220_GetStopMode
                0x0000000008001bd8        0xc ./Drivers/BSP/Components/stspin220/stspin220.o
                0x0000000008001bd8                Stspin220_GetStopMode
 .text.Stspin220_GetTorque
                0x0000000008001be4       0x48 ./Drivers/BSP/Components/stspin220/stspin220.o
                0x0000000008001be4                Stspin220_GetTorque
 .text.Stspin220_GetTorqueBoostEnable
                0x0000000008001c2c        0xc ./Drivers/BSP/Components/stspin220/stspin220.o
                0x0000000008001c2c                Stspin220_GetTorqueBoostEnable
 .text.Stspin220_GetTorqueBoostThreshold
                0x0000000008001c38        0xc ./Drivers/BSP/Components/stspin220/stspin220.o
                0x0000000008001c38                Stspin220_GetTorqueBoostThreshold
 .text.Stspin220_SetHome
                0x0000000008001c44       0x10 ./Drivers/BSP/Components/stspin220/stspin220.o
                0x0000000008001c44                Stspin220_SetHome
 .text.Stspin220_SetMark
                0x0000000008001c54        0xc ./Drivers/BSP/Components/stspin220/stspin220.o
                0x0000000008001c54                Stspin220_SetMark
 .text.Stspin220_SetNbDevices
                0x0000000008001c60       0x20 ./Drivers/BSP/Components/stspin220/stspin220.o
                0x0000000008001c60                Stspin220_SetNbDevices
 .text.Stspin220_SetStopMode
                0x0000000008001c80        0xc ./Drivers/BSP/Components/stspin220/stspin220.o
                0x0000000008001c80                Stspin220_SetStopMode
 .text.Stspin220_SetTorqueBoostEnable
                0x0000000008001c8c        0xc ./Drivers/BSP/Components/stspin220/stspin220.o
                0x0000000008001c8c                Stspin220_SetTorqueBoostEnable
 .text.Stspin220_SetTorqueBoostThreshold
                0x0000000008001c98        0xc ./Drivers/BSP/Components/stspin220/stspin220.o
                0x0000000008001c98                Stspin220_SetTorqueBoostThreshold
 .text.Stspin220_VrefPwmGetFreq
                0x0000000008001ca4        0xc ./Drivers/BSP/Components/stspin220/stspin220.o
                0x0000000008001ca4                Stspin220_VrefPwmGetFreq
 .text.Stspin220_WaitWhileActive
                0x0000000008001cb0       0x24 ./Drivers/BSP/Components/stspin220/stspin220.o
                0x0000000008001cb0                Stspin220_WaitWhileActive
 .text.Stspin220_FlagInterruptHandler
                0x0000000008001cd4       0x10 ./Drivers/BSP/Components/stspin220/stspin220.o
                0x0000000008001cd4                Stspin220_FlagInterruptHandler
 .text.Stspin220_CheckStatusHw
                0x0000000008001ce4       0x10 ./Drivers/BSP/Components/stspin220/stspin220.o
                0x0000000008001ce4                Stspin220_CheckStatusHw
 .text.Stspin220_Disable
                0x0000000008001cf4        0x4 ./Drivers/BSP/Components/stspin220/stspin220.o
                0x0000000008001cf4                Stspin220_Disable
 .text.Stspin220_Enable
                0x0000000008001cf8        0x4 ./Drivers/BSP/Components/stspin220/stspin220.o
                0x0000000008001cf8                Stspin220_Enable
 .text.Stspin220_HardSetDirection
                0x0000000008001cfc       0x10 ./Drivers/BSP/Components/stspin220/stspin220.o
                0x0000000008001cfc                Stspin220_HardSetDirection
 .text.Stspin220_SetTorque
                0x0000000008001d0c       0x54 ./Drivers/BSP/Components/stspin220/stspin220.o
                0x0000000008001d0c                Stspin220_SetTorque
 .text.Stspin220_VrefPwmSetFreq
                0x0000000008001d60       0x14 ./Drivers/BSP/Components/stspin220/stspin220.o
                0x0000000008001d60                Stspin220_VrefPwmSetFreq
 .text.Stspin220_SetMaxSpeed
                0x0000000008001d74       0x7c ./Drivers/BSP/Components/stspin220/stspin220.o
                0x0000000008001d74                Stspin220_SetMaxSpeed
 .text.Stspin220_SoftStop
                0x0000000008001df0       0x24 ./Drivers/BSP/Components/stspin220/stspin220.o
                0x0000000008001df0                Stspin220_SoftStop
 .text.Stspin220_SetDirection
                0x0000000008001e14       0x38 ./Drivers/BSP/Components/stspin220/stspin220.o
                0x0000000008001e14                Stspin220_SetDirection
 .text.Stspin220_SetAcceleration
                0x0000000008001e4c       0x38 ./Drivers/BSP/Components/stspin220/stspin220.o
                0x0000000008001e4c                Stspin220_SetAcceleration
 .text.Stspin220_SetDeceleration
                0x0000000008001e84       0x38 ./Drivers/BSP/Components/stspin220/stspin220.o
                0x0000000008001e84                Stspin220_SetDeceleration
 .text.Stspin220_SetMinSpeed
                0x0000000008001ebc       0x54 ./Drivers/BSP/Components/stspin220/stspin220.o
                0x0000000008001ebc                Stspin220_SetMinSpeed
 .text.Stspin220_GetMotorHandle
                0x0000000008001f10        0x8 ./Drivers/BSP/Components/stspin220/stspin220.o
                0x0000000008001f10                Stspin220_GetMotorHandle
 .text.Stspin220_HardHiZ
                0x0000000008001f18       0x78 ./Drivers/BSP/Components/stspin220/stspin220.o
                0x0000000008001f18                Stspin220_HardHiZ
 .text.Stspin220_PutDeviceInStandby
                0x0000000008001f90       0x18 ./Drivers/BSP/Components/stspin220/stspin220.o
                0x0000000008001f90                Stspin220_PutDeviceInStandby
 .text.Stspin220_HardStop
                0x0000000008001fa8       0x9c ./Drivers/BSP/Components/stspin220/stspin220.o
                0x0000000008001fa8                Stspin220_HardStop
 .text.Stspin220_SetStepMode
                0x0000000008002044       0xe8 ./Drivers/BSP/Components/stspin220/stspin220.o
                0x0000000008002044                Stspin220_SetStepMode
 .text.Stspin220_ApplySpeed
                0x000000000800212c      0x150 ./Drivers/BSP/Components/stspin220/stspin220.o
                0x000000000800212c                Stspin220_ApplySpeed
 .text.Stspin220_StepClockHandler
                0x000000000800227c      0x4b4 ./Drivers/BSP/Components/stspin220/stspin220.o
                0x000000000800227c                Stspin220_StepClockHandler
 .text.Stspin220_ComputeSpeedProfile
                0x0000000008002730       0xe0 ./Drivers/BSP/Components/stspin220/stspin220.o
                0x0000000008002730                Stspin220_ComputeSpeedProfile
 .text.Stspin220_SetDeviceParamsToPredefinedValues
                0x0000000008002810      0x210 ./Drivers/BSP/Components/stspin220/stspin220.o
                0x0000000008002810                Stspin220_SetDeviceParamsToPredefinedValues
 .text.Stspin220_SetStepModeWithoutReset
                0x0000000008002a20       0xc4 ./Drivers/BSP/Components/stspin220/stspin220.o
                0x0000000008002a20                Stspin220_SetStepModeWithoutReset
 .text.Stspin220_ExitDeviceFromStandby
                0x0000000008002ae4       0x94 ./Drivers/BSP/Components/stspin220/stspin220.o
                0x0000000008002ae4                Stspin220_ExitDeviceFromStandby
 .text.Stspin220_SetDeviceParamsToGivenValues
                0x0000000008002b78      0x290 ./Drivers/BSP/Components/stspin220/stspin220.o
                0x0000000008002b78                Stspin220_SetDeviceParamsToGivenValues
 .text.Stspin220_Init
                0x0000000008002e08       0x30 ./Drivers/BSP/Components/stspin220/stspin220.o
                0x0000000008002e08                Stspin220_Init
 .text.Stspin220_StartMovement
                0x0000000008002e38       0x74 ./Drivers/BSP/Components/stspin220/stspin220.o
                0x0000000008002e38                Stspin220_StartMovement
 .text.Stspin220_GoTo
                0x0000000008002eac       0xa8 ./Drivers/BSP/Components/stspin220/stspin220.o
                0x0000000008002eac                Stspin220_GoTo
 .text.Stspin220_GoToDir
                0x0000000008002f54       0xb0 ./Drivers/BSP/Components/stspin220/stspin220.o
                0x0000000008002f54                Stspin220_GoToDir
 .text.Stspin220_Move
                0x0000000008003004       0x7c ./Drivers/BSP/Components/stspin220/stspin220.o
                0x0000000008003004                Stspin220_Move
 .text.Stspin220_Run
                0x0000000008003080       0x70 ./Drivers/BSP/Components/stspin220/stspin220.o
                0x0000000008003080                Stspin220_Run
 .text.Stspin220_GoHome
                0x00000000080030f0       0xac ./Drivers/BSP/Components/stspin220/stspin220.o
                0x00000000080030f0                Stspin220_GoHome
 .text.Stspin220_GoMark
                0x000000000800319c       0xa8 ./Drivers/BSP/Components/stspin220/stspin220.o
                0x000000000800319c                Stspin220_GoMark
 .text.BSP_LED_Init
                0x0000000008003244       0x50 ./Drivers/BSP/STM32L4xx_Nucleo/stm32l4xx_nucleo.o
                0x0000000008003244                BSP_LED_Init
 .text.BSP_LED_Toggle
                0x0000000008003294       0x10 ./Drivers/BSP/STM32L4xx_Nucleo/stm32l4xx_nucleo.o
                0x0000000008003294                BSP_LED_Toggle
 *fill*         0x00000000080032a4        0x4 
 .text.BSP_PB_Init
                0x00000000080032a8       0x94 ./Drivers/BSP/STM32L4xx_Nucleo/stm32l4xx_nucleo.o
                0x00000000080032a8                BSP_PB_Init
 .text.BSP_PB_GetState
                0x000000000800333c       0x18 ./Drivers/BSP/STM32L4xx_Nucleo/stm32l4xx_nucleo.o
                0x000000000800333c                BSP_PB_GetState
 .text.Stspin220_Board_Delay
                0x0000000008003354        0x4 ./Drivers/BSP/X-NUCLEO-IHMxx/x_nucleo_ihm06a1_stm32l4xx.o
                0x0000000008003354                Stspin220_Board_Delay
 .text.Stspin220_Board_GpioInit
                0x0000000008003358       0xfc ./Drivers/BSP/X-NUCLEO-IHMxx/x_nucleo_ihm06a1_stm32l4xx.o
                0x0000000008003358                Stspin220_Board_GpioInit
 .text.Stspin220_Board_TimStckStart
                0x0000000008003454       0x2c ./Drivers/BSP/X-NUCLEO-IHMxx/x_nucleo_ihm06a1_stm32l4xx.o
                0x0000000008003454                Stspin220_Board_TimStckStart
 .text.Stspin220_Board_TimStckCompareInit
                0x0000000008003480       0x14 ./Drivers/BSP/X-NUCLEO-IHMxx/x_nucleo_ihm06a1_stm32l4xx.o
                0x0000000008003480                Stspin220_Board_TimStckCompareInit
 .text.Stspin220_Board_TimStckSetFreq
                0x0000000008003494       0x5c ./Drivers/BSP/X-NUCLEO-IHMxx/x_nucleo_ihm06a1_stm32l4xx.o
                0x0000000008003494                Stspin220_Board_TimStckSetFreq
 .text.Stspin220_Board_PwmRefStart
                0x00000000080034f0       0x18 ./Drivers/BSP/X-NUCLEO-IHMxx/x_nucleo_ihm06a1_stm32l4xx.o
                0x00000000080034f0                Stspin220_Board_PwmRefStart
 .text.Stspin220_Board_PwmRefSetFreqAndDutyCycle
                0x0000000008003508       0x44 ./Drivers/BSP/X-NUCLEO-IHMxx/x_nucleo_ihm06a1_stm32l4xx.o
                0x0000000008003508                Stspin220_Board_PwmRefSetFreqAndDutyCycle
 .text.Stspin220_Board_PwmRefInit
                0x000000000800354c       0x48 ./Drivers/BSP/X-NUCLEO-IHMxx/x_nucleo_ihm06a1_stm32l4xx.o
                0x000000000800354c                Stspin220_Board_PwmRefInit
 .text.Stspin220_Board_TimStckInit
                0x0000000008003594       0x74 ./Drivers/BSP/X-NUCLEO-IHMxx/x_nucleo_ihm06a1_stm32l4xx.o
                0x0000000008003594                Stspin220_Board_TimStckInit
 .text.Stspin220_Board_TimStckStop
                0x0000000008003608       0x44 ./Drivers/BSP/X-NUCLEO-IHMxx/x_nucleo_ihm06a1_stm32l4xx.o
                0x0000000008003608                Stspin220_Board_TimStckStop
 .text.Stspin220_Board_ReleaseReset
                0x000000000800364c       0x10 ./Drivers/BSP/X-NUCLEO-IHMxx/x_nucleo_ihm06a1_stm32l4xx.o
                0x000000000800364c                Stspin220_Board_ReleaseReset
 .text.Stspin220_Board_Reset
                0x000000000800365c       0x10 ./Drivers/BSP/X-NUCLEO-IHMxx/x_nucleo_ihm06a1_stm32l4xx.o
                0x000000000800365c                Stspin220_Board_Reset
 .text.Stspin220_Board_SetDirectionGpio
                0x000000000800366c       0x10 ./Drivers/BSP/X-NUCLEO-IHMxx/x_nucleo_ihm06a1_stm32l4xx.o
                0x000000000800366c                Stspin220_Board_SetDirectionGpio
 *fill*         0x000000000800367c        0x4 
 .text.Stspin220_Board_Disable
                0x0000000008003680       0x4c ./Drivers/BSP/X-NUCLEO-IHMxx/x_nucleo_ihm06a1_stm32l4xx.o
                0x0000000008003680                Stspin220_Board_Disable
 .text.Stspin220_Board_Enable
                0x00000000080036cc       0x68 ./Drivers/BSP/X-NUCLEO-IHMxx/x_nucleo_ihm06a1_stm32l4xx.o
                0x00000000080036cc                Stspin220_Board_Enable
 .text.Stspin220_Board_EN_AND_FAULT_PIN_GetState
                0x0000000008003734       0x10 ./Drivers/BSP/X-NUCLEO-IHMxx/x_nucleo_ihm06a1_stm32l4xx.o
                0x0000000008003734                Stspin220_Board_EN_AND_FAULT_PIN_GetState
 .text.Stspin220_Board_SetModePins
                0x0000000008003744       0xa4 ./Drivers/BSP/X-NUCLEO-IHMxx/x_nucleo_ihm06a1_stm32l4xx.o
                0x0000000008003744                Stspin220_Board_SetModePins
 .text.Stspin220_Board_SetFullStep
                0x00000000080037e8       0x20 ./Drivers/BSP/X-NUCLEO-IHMxx/x_nucleo_ihm06a1_stm32l4xx.o
                0x00000000080037e8                Stspin220_Board_SetFullStep
 .text.Stspin220_Board_UnsetFullStep
                0x0000000008003808       0x10 ./Drivers/BSP/X-NUCLEO-IHMxx/x_nucleo_ihm06a1_stm32l4xx.o
                0x0000000008003808                Stspin220_Board_UnsetFullStep
 .text.L6474_GetMotorHandle
                0x0000000008003818        0x4 ./Drivers/BSP/X-NUCLEO-IHMxx/x_nucleo_ihmxx.o
                0x0000000008003818                L6474_GetMotorHandle
 .text.l647x_GetMotorHandle
                0x000000000800381c        0x4 ./Drivers/BSP/X-NUCLEO-IHMxx/x_nucleo_ihmxx.o
                0x000000000800381c                l647x_GetMotorHandle
 .text.l648x_GetMotorHandle
                0x0000000008003820        0x4 ./Drivers/BSP/X-NUCLEO-IHMxx/x_nucleo_ihmxx.o
                0x0000000008003820                l648x_GetMotorHandle
 .text.Powerstep01_GetMotorHandle
                0x0000000008003824        0x4 ./Drivers/BSP/X-NUCLEO-IHMxx/x_nucleo_ihmxx.o
                0x0000000008003824                Powerstep01_GetMotorHandle
 .text.L6206_GetMotorHandle
                0x0000000008003828        0x4 ./Drivers/BSP/X-NUCLEO-IHMxx/x_nucleo_ihmxx.o
                0x0000000008003828                L6206_GetMotorHandle
 .text.L6208_GetMotorHandle
                0x000000000800382c        0x4 ./Drivers/BSP/X-NUCLEO-IHMxx/x_nucleo_ihmxx.o
                0x000000000800382c                L6208_GetMotorHandle
 .text.Stspin240_250_GetMotorHandle
                0x0000000008003830        0x4 ./Drivers/BSP/X-NUCLEO-IHMxx/x_nucleo_ihmxx.o
                0x0000000008003830                Stspin240_250_GetMotorHandle
 .text.BSP_MotorControl_AttachErrorHandler
                0x0000000008003834       0x20 ./Drivers/BSP/X-NUCLEO-IHMxx/x_nucleo_ihmxx.o
                0x0000000008003834                BSP_MotorControl_AttachErrorHandler
 .text.BSP_MotorControl_AttachFlagInterrupt
                0x0000000008003854       0x20 ./Drivers/BSP/X-NUCLEO-IHMxx/x_nucleo_ihmxx.o
                0x0000000008003854                BSP_MotorControl_AttachFlagInterrupt
 .text.BSP_MotorControl_Init
                0x0000000008003874       0x20 ./Drivers/BSP/X-NUCLEO-IHMxx/x_nucleo_ihmxx.o
                0x0000000008003874                BSP_MotorControl_Init
 .text.BSP_MotorControl_FlagInterruptHandler
                0x0000000008003894       0x20 ./Drivers/BSP/X-NUCLEO-IHMxx/x_nucleo_ihmxx.o
                0x0000000008003894                BSP_MotorControl_FlagInterruptHandler
 .text.BSP_MotorControl_GetDeviceState
                0x00000000080038b4       0x24 ./Drivers/BSP/X-NUCLEO-IHMxx/x_nucleo_ihmxx.o
                0x00000000080038b4                BSP_MotorControl_GetDeviceState
 .text.BSP_MotorControl_GetPosition
                0x00000000080038d8       0x2c ./Drivers/BSP/X-NUCLEO-IHMxx/x_nucleo_ihmxx.o
                0x00000000080038d8                BSP_MotorControl_GetPosition
 .text.BSP_MotorControl_GoHome
                0x0000000008003904       0x20 ./Drivers/BSP/X-NUCLEO-IHMxx/x_nucleo_ihmxx.o
                0x0000000008003904                BSP_MotorControl_GoHome
 .text.BSP_MotorControl_HardStop
                0x0000000008003924       0x20 ./Drivers/BSP/X-NUCLEO-IHMxx/x_nucleo_ihmxx.o
                0x0000000008003924                BSP_MotorControl_HardStop
 .text.BSP_MotorControl_Run
                0x0000000008003944       0x20 ./Drivers/BSP/X-NUCLEO-IHMxx/x_nucleo_ihmxx.o
                0x0000000008003944                BSP_MotorControl_Run
 .text.BSP_MotorControl_SetAcceleration
                0x0000000008003964       0x2c ./Drivers/BSP/X-NUCLEO-IHMxx/x_nucleo_ihmxx.o
                0x0000000008003964                BSP_MotorControl_SetAcceleration
 .text.BSP_MotorControl_SetDeceleration
                0x0000000008003990       0x2c ./Drivers/BSP/X-NUCLEO-IHMxx/x_nucleo_ihmxx.o
                0x0000000008003990                BSP_MotorControl_SetDeceleration
 .text.BSP_MotorControl_SetMaxSpeed
                0x00000000080039bc       0x2c ./Drivers/BSP/X-NUCLEO-IHMxx/x_nucleo_ihmxx.o
                0x00000000080039bc                BSP_MotorControl_SetMaxSpeed
 .text.BSP_MotorControl_StepClockHandler
                0x00000000080039e8       0x20 ./Drivers/BSP/X-NUCLEO-IHMxx/x_nucleo_ihmxx.o
                0x00000000080039e8                BSP_MotorControl_StepClockHandler
 .text.BSP_MotorControl_WaitWhileActive
                0x0000000008003a08       0x20 ./Drivers/BSP/X-NUCLEO-IHMxx/x_nucleo_ihmxx.o
                0x0000000008003a08                BSP_MotorControl_WaitWhileActive
 .text.BSP_MotorControl_CmdDisable
                0x0000000008003a28       0x20 ./Drivers/BSP/X-NUCLEO-IHMxx/x_nucleo_ihmxx.o
                0x0000000008003a28                BSP_MotorControl_CmdDisable
 .text.BSP_MotorControl_HardSetDirection
                0x0000000008003a48       0x20 ./Drivers/BSP/X-NUCLEO-IHMxx/x_nucleo_ihmxx.o
                0x0000000008003a48                BSP_MotorControl_HardSetDirection
 .text.BSP_MotorControl_SetStopMode
                0x0000000008003a68       0x20 ./Drivers/BSP/X-NUCLEO-IHMxx/x_nucleo_ihmxx.o
                0x0000000008003a68                BSP_MotorControl_SetStopMode
 .text.BSP_MotorControl_GetDirection
                0x0000000008003a88       0x28 ./Drivers/BSP/X-NUCLEO-IHMxx/x_nucleo_ihmxx.o
                0x0000000008003a88                BSP_MotorControl_GetDirection
 .text.BSP_MotorControl_SetNbDevices
                0x0000000008003ab0       0xc4 ./Drivers/BSP/X-NUCLEO-IHMxx/x_nucleo_ihmxx.o
                0x0000000008003ab0                BSP_MotorControl_SetNbDevices
 .text.HAL_InitTick
                0x0000000008003b74       0x4c ./Drivers/STM32L4xx_HAL_Driver/Src/stm32l4xx_hal.o
                0x0000000008003b74                HAL_InitTick
 .text.HAL_Init
                0x0000000008003bc0       0x20 ./Drivers/STM32L4xx_HAL_Driver/Src/stm32l4xx_hal.o
                0x0000000008003bc0                HAL_Init
 .text.HAL_IncTick
                0x0000000008003be0       0x18 ./Drivers/STM32L4xx_HAL_Driver/Src/stm32l4xx_hal.o
                0x0000000008003be0                HAL_IncTick
 .text.HAL_GetTick
                0x0000000008003bf8        0xc ./Drivers/STM32L4xx_HAL_Driver/Src/stm32l4xx_hal.o
                0x0000000008003bf8                HAL_GetTick
 .text.HAL_Delay
                0x0000000008003c04       0x24 ./Drivers/STM32L4xx_HAL_Driver/Src/stm32l4xx_hal.o
                0x0000000008003c04                HAL_Delay
 .text.HAL_ADC_Init
                0x0000000008003c28      0x1d0 ./Drivers/STM32L4xx_HAL_Driver/Src/stm32l4xx_hal_adc.o
                0x0000000008003c28                HAL_ADC_Init
 .text.HAL_ADC_GetValue
                0x0000000008003df8        0x8 ./Drivers/STM32L4xx_HAL_Driver/Src/stm32l4xx_hal_adc.o
                0x0000000008003df8                HAL_ADC_GetValue
 .text.HAL_ADC_LevelOutOfWindowCallback
                0x0000000008003e00        0x4 ./Drivers/STM32L4xx_HAL_Driver/Src/stm32l4xx_hal_adc.o
                0x0000000008003e00                HAL_ADC_LevelOutOfWindowCallback
 .text.HAL_ADC_ErrorCallback
                0x0000000008003e04        0x4 ./Drivers/STM32L4xx_HAL_Driver/Src/stm32l4xx_hal_adc.o
                0x0000000008003e04                HAL_ADC_ErrorCallback
 .text.HAL_ADC_IRQHandler
                0x0000000008003e08      0x24c ./Drivers/STM32L4xx_HAL_Driver/Src/stm32l4xx_hal_adc.o
                0x0000000008003e08                HAL_ADC_IRQHandler
 .text.HAL_ADC_ConfigChannel
                0x0000000008004054      0x4d4 ./Drivers/STM32L4xx_HAL_Driver/Src/stm32l4xx_hal_adc.o
                0x0000000008004054                HAL_ADC_ConfigChannel
 .text.ADC_Enable
                0x0000000008004528       0xc4 ./Drivers/STM32L4xx_HAL_Driver/Src/stm32l4xx_hal_adc.o
                0x0000000008004528                ADC_Enable
 .text.HAL_ADC_Start_IT
                0x00000000080045ec      0x148 ./Drivers/STM32L4xx_HAL_Driver/Src/stm32l4xx_hal_adc.o
                0x00000000080045ec                HAL_ADC_Start_IT
 .text.ADC_Disable
                0x0000000008004734       0x74 ./Drivers/STM32L4xx_HAL_Driver/Src/stm32l4xx_hal_adc.o
                0x0000000008004734                ADC_Disable
 .text.HAL_ADCEx_Calibration_Start
                0x00000000080047a8       0x98 ./Drivers/STM32L4xx_HAL_Driver/Src/stm32l4xx_hal_adc_ex.o
                0x00000000080047a8                HAL_ADCEx_Calibration_Start
 .text.HAL_ADCEx_InjectedConvCpltCallback
                0x0000000008004840        0x4 ./Drivers/STM32L4xx_HAL_Driver/Src/stm32l4xx_hal_adc_ex.o
                0x0000000008004840                HAL_ADCEx_InjectedConvCpltCallback
 .text.HAL_ADCEx_InjectedQueueOverflowCallback
                0x0000000008004844        0x4 ./Drivers/STM32L4xx_HAL_Driver/Src/stm32l4xx_hal_adc_ex.o
                0x0000000008004844                HAL_ADCEx_InjectedQueueOverflowCallback
 .text.HAL_ADCEx_LevelOutOfWindow2Callback
                0x0000000008004848        0x4 ./Drivers/STM32L4xx_HAL_Driver/Src/stm32l4xx_hal_adc_ex.o
                0x0000000008004848                HAL_ADCEx_LevelOutOfWindow2Callback
 .text.HAL_ADCEx_LevelOutOfWindow3Callback
                0x000000000800484c        0x4 ./Drivers/STM32L4xx_HAL_Driver/Src/stm32l4xx_hal_adc_ex.o
                0x000000000800484c                HAL_ADCEx_LevelOutOfWindow3Callback
 .text.HAL_ADCEx_EndOfSamplingCallback
                0x0000000008004850        0x4 ./Drivers/STM32L4xx_HAL_Driver/Src/stm32l4xx_hal_adc_ex.o
                0x0000000008004850                HAL_ADCEx_EndOfSamplingCallback
 .text.HAL_ADCEx_MultiModeConfigChannel
                0x0000000008004854       0xe0 ./Drivers/STM32L4xx_HAL_Driver/Src/stm32l4xx_hal_adc_ex.o
                0x0000000008004854                HAL_ADCEx_MultiModeConfigChannel
 .text.HAL_NVIC_SetPriorityGrouping
                0x0000000008004934       0x24 ./Drivers/STM32L4xx_HAL_Driver/Src/stm32l4xx_hal_cortex.o
                0x0000000008004934                HAL_NVIC_SetPriorityGrouping
 .text.HAL_NVIC_SetPriority
                0x0000000008004958       0x7c ./Drivers/STM32L4xx_HAL_Driver/Src/stm32l4xx_hal_cortex.o
                0x0000000008004958                HAL_NVIC_SetPriority
 .text.HAL_NVIC_EnableIRQ
                0x00000000080049d4       0x1c ./Drivers/STM32L4xx_HAL_Driver/Src/stm32l4xx_hal_cortex.o
                0x00000000080049d4                HAL_NVIC_EnableIRQ
 .text.HAL_NVIC_DisableIRQ
                0x00000000080049f0       0x28 ./Drivers/STM32L4xx_HAL_Driver/Src/stm32l4xx_hal_cortex.o
                0x00000000080049f0                HAL_NVIC_DisableIRQ
 .text.HAL_SYSTICK_Config
                0x0000000008004a18       0x34 ./Drivers/STM32L4xx_HAL_Driver/Src/stm32l4xx_hal_cortex.o
                0x0000000008004a18                HAL_SYSTICK_Config
 .text.HAL_NVIC_ClearPendingIRQ
                0x0000000008004a4c       0x20 ./Drivers/STM32L4xx_HAL_Driver/Src/stm32l4xx_hal_cortex.o
                0x0000000008004a4c                HAL_NVIC_ClearPendingIRQ
 .text.HAL_DMA_Init
                0x0000000008004a6c       0xe8 ./Drivers/STM32L4xx_HAL_Driver/Src/stm32l4xx_hal_dma.o
                0x0000000008004a6c                HAL_DMA_Init
 .text.HAL_DMA_Start_IT
                0x0000000008004b54       0x8c ./Drivers/STM32L4xx_HAL_Driver/Src/stm32l4xx_hal_dma.o
                0x0000000008004b54                HAL_DMA_Start_IT
 .text.HAL_DMA_Abort
                0x0000000008004be0       0x48 ./Drivers/STM32L4xx_HAL_Driver/Src/stm32l4xx_hal_dma.o
                0x0000000008004be0                HAL_DMA_Abort
 .text.HAL_DMA_Abort_IT
                0x0000000008004c28       0x4c ./Drivers/STM32L4xx_HAL_Driver/Src/stm32l4xx_hal_dma.o
                0x0000000008004c28                HAL_DMA_Abort_IT
 .text.HAL_DMA_IRQHandler
                0x0000000008004c74       0x9c ./Drivers/STM32L4xx_HAL_Driver/Src/stm32l4xx_hal_dma.o
                0x0000000008004c74                HAL_DMA_IRQHandler
 .text.HAL_DMA_GetError
                0x0000000008004d10        0x4 ./Drivers/STM32L4xx_HAL_Driver/Src/stm32l4xx_hal_dma.o
                0x0000000008004d10                HAL_DMA_GetError
 .text.HAL_GPIO_Init
                0x0000000008004d14      0x204 ./Drivers/STM32L4xx_HAL_Driver/Src/stm32l4xx_hal_gpio.o
                0x0000000008004d14                HAL_GPIO_Init
 .text.HAL_GPIO_DeInit
                0x0000000008004f18      0x14c ./Drivers/STM32L4xx_HAL_Driver/Src/stm32l4xx_hal_gpio.o
                0x0000000008004f18                HAL_GPIO_DeInit
 .text.HAL_GPIO_ReadPin
                0x0000000008005064        0xc ./Drivers/STM32L4xx_HAL_Driver/Src/stm32l4xx_hal_gpio.o
                0x0000000008005064                HAL_GPIO_ReadPin
 .text.HAL_GPIO_WritePin
                0x0000000008005070        0xc ./Drivers/STM32L4xx_HAL_Driver/Src/stm32l4xx_hal_gpio.o
                0x0000000008005070                HAL_GPIO_WritePin
 .text.HAL_GPIO_TogglePin
                0x000000000800507c       0x14 ./Drivers/STM32L4xx_HAL_Driver/Src/stm32l4xx_hal_gpio.o
                0x000000000800507c                HAL_GPIO_TogglePin
 .text.HAL_GPIO_EXTI_IRQHandler
                0x0000000008005090       0x18 ./Drivers/STM32L4xx_HAL_Driver/Src/stm32l4xx_hal_gpio.o
                0x0000000008005090                HAL_GPIO_EXTI_IRQHandler
 .text.HAL_PWREx_GetVoltageRange
                0x00000000080050a8       0x10 ./Drivers/STM32L4xx_HAL_Driver/Src/stm32l4xx_hal_pwr_ex.o
                0x00000000080050a8                HAL_PWREx_GetVoltageRange
 .text.HAL_PWREx_ControlVoltageScaling
                0x00000000080050b8       0x84 ./Drivers/STM32L4xx_HAL_Driver/Src/stm32l4xx_hal_pwr_ex.o
                0x00000000080050b8                HAL_PWREx_ControlVoltageScaling
 .text.RCC_SetFlashLatencyFromMSIRange
                0x000000000800513c       0x8c ./Drivers/STM32L4xx_HAL_Driver/Src/stm32l4xx_hal_rcc.o
 .text.HAL_RCC_GetSysClockFreq
                0x00000000080051c8       0xb4 ./Drivers/STM32L4xx_HAL_Driver/Src/stm32l4xx_hal_rcc.o
                0x00000000080051c8                HAL_RCC_GetSysClockFreq
 .text.HAL_RCC_OscConfig
                0x000000000800527c      0x5d0 ./Drivers/STM32L4xx_HAL_Driver/Src/stm32l4xx_hal_rcc.o
                0x000000000800527c                HAL_RCC_OscConfig
 .text.HAL_RCC_ClockConfig
                0x000000000800584c      0x168 ./Drivers/STM32L4xx_HAL_Driver/Src/stm32l4xx_hal_rcc.o
                0x000000000800584c                HAL_RCC_ClockConfig
 .text.HAL_RCC_GetPCLK1Freq
                0x00000000080059b4       0x24 ./Drivers/STM32L4xx_HAL_Driver/Src/stm32l4xx_hal_rcc.o
                0x00000000080059b4                HAL_RCC_GetPCLK1Freq
 .text.HAL_RCC_GetPCLK2Freq
                0x00000000080059d8       0x24 ./Drivers/STM32L4xx_HAL_Driver/Src/stm32l4xx_hal_rcc.o
                0x00000000080059d8                HAL_RCC_GetPCLK2Freq
 .text.RCCEx_PLLSAI1_Config
                0x00000000080059fc      0x124 ./Drivers/STM32L4xx_HAL_Driver/Src/stm32l4xx_hal_rcc_ex.o
 .text.RCCEx_PLLSAI2_Config
                0x0000000008005b20      0x104 ./Drivers/STM32L4xx_HAL_Driver/Src/stm32l4xx_hal_rcc_ex.o
 .text.HAL_RCCEx_PeriphCLKConfig
                0x0000000008005c24      0x440 ./Drivers/STM32L4xx_HAL_Driver/Src/stm32l4xx_hal_rcc_ex.o
                0x0000000008005c24                HAL_RCCEx_PeriphCLKConfig
 .text.TIM_OC1_SetConfig
                0x0000000008006064       0x78 ./Drivers/STM32L4xx_HAL_Driver/Src/stm32l4xx_hal_tim.o
 .text.TIM_OC3_SetConfig
                0x00000000080060dc       0x80 ./Drivers/STM32L4xx_HAL_Driver/Src/stm32l4xx_hal_tim.o
 .text.HAL_TIM_OC_Init
                0x000000000800615c      0x118 ./Drivers/STM32L4xx_HAL_Driver/Src/stm32l4xx_hal_tim.o
                0x000000000800615c                HAL_TIM_OC_Init
 .text.HAL_TIM_OC_DeInit
                0x0000000008006274       0x68 ./Drivers/STM32L4xx_HAL_Driver/Src/stm32l4xx_hal_tim.o
                0x0000000008006274                HAL_TIM_OC_DeInit
 .text.HAL_TIM_OC_Start_IT
                0x00000000080062dc      0x188 ./Drivers/STM32L4xx_HAL_Driver/Src/stm32l4xx_hal_tim.o
                0x00000000080062dc                HAL_TIM_OC_Start_IT
 .text.HAL_TIM_OC_Stop_IT
                0x0000000008006464      0x114 ./Drivers/STM32L4xx_HAL_Driver/Src/stm32l4xx_hal_tim.o
                0x0000000008006464                HAL_TIM_OC_Stop_IT
 .text.HAL_TIM_PWM_Init
                0x0000000008006578      0x118 ./Drivers/STM32L4xx_HAL_Driver/Src/stm32l4xx_hal_tim.o
                0x0000000008006578                HAL_TIM_PWM_Init
 .text.HAL_TIM_PWM_Start_IT
                0x0000000008006690      0x188 ./Drivers/STM32L4xx_HAL_Driver/Src/stm32l4xx_hal_tim.o
                0x0000000008006690                HAL_TIM_PWM_Start_IT
 .text.HAL_TIM_PeriodElapsedCallback
                0x0000000008006818        0x4 ./Drivers/STM32L4xx_HAL_Driver/Src/stm32l4xx_hal_tim.o
                0x0000000008006818                HAL_TIM_PeriodElapsedCallback
 .text.HAL_TIM_IC_CaptureCallback
                0x000000000800681c        0x4 ./Drivers/STM32L4xx_HAL_Driver/Src/stm32l4xx_hal_tim.o
                0x000000000800681c                HAL_TIM_IC_CaptureCallback
 .text.HAL_TIM_PWM_PulseFinishedCallback
                0x0000000008006820        0x4 ./Drivers/STM32L4xx_HAL_Driver/Src/stm32l4xx_hal_tim.o
                0x0000000008006820                HAL_TIM_PWM_PulseFinishedCallback
 .text.HAL_TIM_TriggerCallback
                0x0000000008006824        0x4 ./Drivers/STM32L4xx_HAL_Driver/Src/stm32l4xx_hal_tim.o
                0x0000000008006824                HAL_TIM_TriggerCallback
 .text.HAL_TIM_IRQHandler
                0x0000000008006828      0x170 ./Drivers/STM32L4xx_HAL_Driver/Src/stm32l4xx_hal_tim.o
                0x0000000008006828                HAL_TIM_IRQHandler
 .text.TIM_OC2_SetConfig
                0x0000000008006998       0x80 ./Drivers/STM32L4xx_HAL_Driver/Src/stm32l4xx_hal_tim.o
                0x0000000008006998                TIM_OC2_SetConfig
 .text.HAL_TIM_OC_ConfigChannel
                0x0000000008006a18      0x1b8 ./Drivers/STM32L4xx_HAL_Driver/Src/stm32l4xx_hal_tim.o
                0x0000000008006a18                HAL_TIM_OC_ConfigChannel
 .text.HAL_TIM_PWM_ConfigChannel
                0x0000000008006bd0      0x268 ./Drivers/STM32L4xx_HAL_Driver/Src/stm32l4xx_hal_tim.o
                0x0000000008006bd0                HAL_TIM_PWM_ConfigChannel
 .text.HAL_TIMEx_MasterConfigSynchronization
                0x0000000008006e38       0x94 ./Drivers/STM32L4xx_HAL_Driver/Src/stm32l4xx_hal_tim_ex.o
                0x0000000008006e38                HAL_TIMEx_MasterConfigSynchronization
 .text.HAL_TIMEx_CommutCallback
                0x0000000008006ecc        0x4 ./Drivers/STM32L4xx_HAL_Driver/Src/stm32l4xx_hal_tim_ex.o
                0x0000000008006ecc                HAL_TIMEx_CommutCallback
 .text.HAL_TIMEx_BreakCallback
                0x0000000008006ed0        0x4 ./Drivers/STM32L4xx_HAL_Driver/Src/stm32l4xx_hal_tim_ex.o
                0x0000000008006ed0                HAL_TIMEx_BreakCallback
 .text.HAL_TIMEx_Break2Callback
                0x0000000008006ed4        0x4 ./Drivers/STM32L4xx_HAL_Driver/Src/stm32l4xx_hal_tim_ex.o
                0x0000000008006ed4                HAL_TIMEx_Break2Callback
 .text.HAL_UART_Transmit_DMA
                0x0000000008006ed8       0xac ./Drivers/STM32L4xx_HAL_Driver/Src/stm32l4xx_hal_uart.o
                0x0000000008006ed8                HAL_UART_Transmit_DMA
 .text.HAL_UART_Abort
                0x0000000008006f84      0x108 ./Drivers/STM32L4xx_HAL_Driver/Src/stm32l4xx_hal_uart.o
                0x0000000008006f84                HAL_UART_Abort
 .text.HAL_UART_TxCpltCallback
                0x000000000800708c        0x4 ./Drivers/STM32L4xx_HAL_Driver/Src/stm32l4xx_hal_uart.o
                0x000000000800708c                HAL_UART_TxCpltCallback
 .text.UART_DMATransmitCplt
                0x0000000008007090       0x44 ./Drivers/STM32L4xx_HAL_Driver/Src/stm32l4xx_hal_uart.o
 .text.HAL_UART_TxHalfCpltCallback
                0x00000000080070d4        0x4 ./Drivers/STM32L4xx_HAL_Driver/Src/stm32l4xx_hal_uart.o
                0x00000000080070d4                HAL_UART_TxHalfCpltCallback
 .text.UART_DMATxHalfCplt
                0x00000000080070d8        0xc ./Drivers/STM32L4xx_HAL_Driver/Src/stm32l4xx_hal_uart.o
 .text.HAL_UART_RxCpltCallback
                0x00000000080070e4        0x4 ./Drivers/STM32L4xx_HAL_Driver/Src/stm32l4xx_hal_uart.o
                0x00000000080070e4                HAL_UART_RxCpltCallback
 .text.HAL_UART_RxHalfCpltCallback
                0x00000000080070e8        0x4 ./Drivers/STM32L4xx_HAL_Driver/Src/stm32l4xx_hal_uart.o
                0x00000000080070e8                HAL_UART_RxHalfCpltCallback
 .text.UART_DMAError
                0x00000000080070ec       0xb0 ./Drivers/STM32L4xx_HAL_Driver/Src/stm32l4xx_hal_uart.o
 .text.UART_DMAAbortOnError
                0x000000000800719c       0x14 ./Drivers/STM32L4xx_HAL_Driver/Src/stm32l4xx_hal_uart.o
 .text.HAL_UART_IRQHandler
                0x00000000080071b0      0x304 ./Drivers/STM32L4xx_HAL_Driver/Src/stm32l4xx_hal_uart.o
                0x00000000080071b0                HAL_UART_IRQHandler
 .text.UART_DMARxHalfCplt
                0x00000000080074b4       0x1c ./Drivers/STM32L4xx_HAL_Driver/Src/stm32l4xx_hal_uart.o
 .text.UART_DMAReceiveCplt
                0x00000000080074d0       0x98 ./Drivers/STM32L4xx_HAL_Driver/Src/stm32l4xx_hal_uart.o
 .text.UART_SetConfig
                0x0000000008007568      0x2c8 ./Drivers/STM32L4xx_HAL_Driver/Src/stm32l4xx_hal_uart.o
                0x0000000008007568                UART_SetConfig
 .text.UART_AdvFeatureConfig
                0x0000000008007830       0xb0 ./Drivers/STM32L4xx_HAL_Driver/Src/stm32l4xx_hal_uart.o
                0x0000000008007830                UART_AdvFeatureConfig
 .text.UART_WaitOnFlagUntilTimeout
                0x00000000080078e0       0xe8 ./Drivers/STM32L4xx_HAL_Driver/Src/stm32l4xx_hal_uart.o
                0x00000000080078e0                UART_WaitOnFlagUntilTimeout
 .text.HAL_UART_Init
                0x00000000080079c8       0xd0 ./Drivers/STM32L4xx_HAL_Driver/Src/stm32l4xx_hal_uart.o
                0x00000000080079c8                HAL_UART_Init
 .text.UART_Start_Receive_DMA
                0x0000000008007a98       0xa4 ./Drivers/STM32L4xx_HAL_Driver/Src/stm32l4xx_hal_uart.o
                0x0000000008007a98                UART_Start_Receive_DMA
 .text.HAL_UART_Receive_DMA
                0x0000000008007b3c       0x50 ./Drivers/STM32L4xx_HAL_Driver/Src/stm32l4xx_hal_uart.o
                0x0000000008007b3c                HAL_UART_Receive_DMA
 .text.HAL_UARTEx_WakeupCallback
                0x0000000008007b8c        0x4 ./Drivers/STM32L4xx_HAL_Driver/Src/stm32l4xx_hal_uart_ex.o
                0x0000000008007b8c                HAL_UARTEx_WakeupCallback
 .text.atof     0x0000000008007b90        0x6 c:/st/stm32cubeide_1.12.0/stm32cubeide/plugins/com.st.stm32cube.ide.mcu.externaltools.gnu-tools-for-stm32.10.3-2021.10.win32_1.0.200.202301161003/tools/bin/../lib/gcc/arm-none-eabi/10.3.1/../../../../arm-none-eabi/lib/thumb/v7e-m+fp/hard\libc_nano.a(lib_a-atof.o)
                0x0000000008007b90                atof
 *fill*         0x0000000008007b96        0x2 
 .text.__errno  0x0000000008007b98        0xc c:/st/stm32cubeide_1.12.0/stm32cubeide/plugins/com.st.stm32cube.ide.mcu.externaltools.gnu-tools-for-stm32.10.3-2021.10.win32_1.0.200.202301161003/tools/bin/../lib/gcc/arm-none-eabi/10.3.1/../../../../arm-none-eabi/lib/thumb/v7e-m+fp/hard\libc_nano.a(lib_a-errno.o)
                0x0000000008007b98                __errno
 .text.__libc_init_array
                0x0000000008007ba4       0x48 c:/st/stm32cubeide_1.12.0/stm32cubeide/plugins/com.st.stm32cube.ide.mcu.externaltools.gnu-tools-for-stm32.10.3-2021.10.win32_1.0.200.202301161003/tools/bin/../lib/gcc/arm-none-eabi/10.3.1/../../../../arm-none-eabi/lib/thumb/v7e-m+fp/hard\libc_nano.a(lib_a-init.o)
                0x0000000008007ba4                __libc_init_array
 .text.memcpy   0x0000000008007bec       0x1c c:/st/stm32cubeide_1.12.0/stm32cubeide/plugins/com.st.stm32cube.ide.mcu.externaltools.gnu-tools-for-stm32.10.3-2021.10.win32_1.0.200.202301161003/tools/bin/../lib/gcc/arm-none-eabi/10.3.1/../../../../arm-none-eabi/lib/thumb/v7e-m+fp/hard\libc_nano.a(lib_a-memcpy-stub.o)
                0x0000000008007bec                memcpy
 .text.memset   0x0000000008007c08       0x10 c:/st/stm32cubeide_1.12.0/stm32cubeide/plugins/com.st.stm32cube.ide.mcu.externaltools.gnu-tools-for-stm32.10.3-2021.10.win32_1.0.200.202301161003/tools/bin/../lib/gcc/arm-none-eabi/10.3.1/../../../../arm-none-eabi/lib/thumb/v7e-m+fp/hard\libc_nano.a(lib_a-memset.o)
                0x0000000008007c08                memset
 .text.sulp     0x0000000008007c18       0x38 c:/st/stm32cubeide_1.12.0/stm32cubeide/plugins/com.st.stm32cube.ide.mcu.externaltools.gnu-tools-for-stm32.10.3-2021.10.win32_1.0.200.202301161003/tools/bin/../lib/gcc/arm-none-eabi/10.3.1/../../../../arm-none-eabi/lib/thumb/v7e-m+fp/hard\libc_nano.a(lib_a-strtod.o)
 .text._strtod_l
                0x0000000008007c50      0xc0c c:/st/stm32cubeide_1.12.0/stm32cubeide/plugins/com.st.stm32cube.ide.mcu.externaltools.gnu-tools-for-stm32.10.3-2021.10.win32_1.0.200.202301161003/tools/bin/../lib/gcc/arm-none-eabi/10.3.1/../../../../arm-none-eabi/lib/thumb/v7e-m+fp/hard\libc_nano.a(lib_a-strtod.o)
                0x0000000008007c50                _strtod_l
 .text.strtod   0x000000000800885c       0x18 c:/st/stm32cubeide_1.12.0/stm32cubeide/plugins/com.st.stm32cube.ide.mcu.externaltools.gnu-tools-for-stm32.10.3-2021.10.win32_1.0.200.202301161003/tools/bin/../lib/gcc/arm-none-eabi/10.3.1/../../../../arm-none-eabi/lib/thumb/v7e-m+fp/hard\libc_nano.a(lib_a-strtod.o)
                0x000000000800885c                strtod
 .text.rshift   0x0000000008008874       0xa4 c:/st/stm32cubeide_1.12.0/stm32cubeide/plugins/com.st.stm32cube.ide.mcu.externaltools.gnu-tools-for-stm32.10.3-2021.10.win32_1.0.200.202301161003/tools/bin/../lib/gcc/arm-none-eabi/10.3.1/../../../../arm-none-eabi/lib/thumb/v7e-m+fp/hard\libc_nano.a(lib_a-gdtoa-gethex.o)
 .text.__hexdig_fun
                0x0000000008008918       0x2a c:/st/stm32cubeide_1.12.0/stm32cubeide/plugins/com.st.stm32cube.ide.mcu.externaltools.gnu-tools-for-stm32.10.3-2021.10.win32_1.0.200.202301161003/tools/bin/../lib/gcc/arm-none-eabi/10.3.1/../../../../arm-none-eabi/lib/thumb/v7e-m+fp/hard\libc_nano.a(lib_a-gdtoa-gethex.o)
                0x0000000008008918                __hexdig_fun
 *fill*         0x0000000008008942        0x2 
 .text.__gethex
                0x0000000008008944      0x48c c:/st/stm32cubeide_1.12.0/stm32cubeide/plugins/com.st.stm32cube.ide.mcu.externaltools.gnu-tools-for-stm32.10.3-2021.10.win32_1.0.200.202301161003/tools/bin/../lib/gcc/arm-none-eabi/10.3.1/../../../../arm-none-eabi/lib/thumb/v7e-m+fp/hard\libc_nano.a(lib_a-gdtoa-gethex.o)
                0x0000000008008944                __gethex
 .text.L_shift  0x0000000008008dd0       0x24 c:/st/stm32cubeide_1.12.0/stm32cubeide/plugins/com.st.stm32cube.ide.mcu.externaltools.gnu-tools-for-stm32.10.3-2021.10.win32_1.0.200.202301161003/tools/bin/../lib/gcc/arm-none-eabi/10.3.1/../../../../arm-none-eabi/lib/thumb/v7e-m+fp/hard\libc_nano.a(lib_a-gdtoa-hexnan.o)
 .text.__match  0x0000000008008df4       0x28 c:/st/stm32cubeide_1.12.0/stm32cubeide/plugins/com.st.stm32cube.ide.mcu.externaltools.gnu-tools-for-stm32.10.3-2021.10.win32_1.0.200.202301161003/tools/bin/../lib/gcc/arm-none-eabi/10.3.1/../../../../arm-none-eabi/lib/thumb/v7e-m+fp/hard\libc_nano.a(lib_a-gdtoa-hexnan.o)
                0x0000000008008df4                __match
 .text.__hexnan
                0x0000000008008e1c      0x138 c:/st/stm32cubeide_1.12.0/stm32cubeide/plugins/com.st.stm32cube.ide.mcu.externaltools.gnu-tools-for-stm32.10.3-2021.10.win32_1.0.200.202301161003/tools/bin/../lib/gcc/arm-none-eabi/10.3.1/../../../../arm-none-eabi/lib/thumb/v7e-m+fp/hard\libc_nano.a(lib_a-gdtoa-hexnan.o)
                0x0000000008008e1c                __hexnan
 .text.__ascii_mbtowc
                0x0000000008008f54       0x24 c:/st/stm32cubeide_1.12.0/stm32cubeide/plugins/com.st.stm32cube.ide.mcu.externaltools.gnu-tools-for-stm32.10.3-2021.10.win32_1.0.200.202301161003/tools/bin/../lib/gcc/arm-none-eabi/10.3.1/../../../../arm-none-eabi/lib/thumb/v7e-m+fp/hard\libc_nano.a(lib_a-mbtowc_r.o)
                0x0000000008008f54                __ascii_mbtowc
 .text._Balloc  0x0000000008008f78       0x80 c:/st/stm32cubeide_1.12.0/stm32cubeide/plugins/com.st.stm32cube.ide.mcu.externaltools.gnu-tools-for-stm32.10.3-2021.10.win32_1.0.200.202301161003/tools/bin/../lib/gcc/arm-none-eabi/10.3.1/../../../../arm-none-eabi/lib/thumb/v7e-m+fp/hard\libc_nano.a(lib_a-mprec.o)
                0x0000000008008f78                _Balloc
 .text._Bfree   0x0000000008008ff8       0x44 c:/st/stm32cubeide_1.12.0/stm32cubeide/plugins/com.st.stm32cube.ide.mcu.externaltools.gnu-tools-for-stm32.10.3-2021.10.win32_1.0.200.202301161003/tools/bin/../lib/gcc/arm-none-eabi/10.3.1/../../../../arm-none-eabi/lib/thumb/v7e-m+fp/hard\libc_nano.a(lib_a-mprec.o)
                0x0000000008008ff8                _Bfree
 .text.__multadd
                0x000000000800903c       0x8c c:/st/stm32cubeide_1.12.0/stm32cubeide/plugins/com.st.stm32cube.ide.mcu.externaltools.gnu-tools-for-stm32.10.3-2021.10.win32_1.0.200.202301161003/tools/bin/../lib/gcc/arm-none-eabi/10.3.1/../../../../arm-none-eabi/lib/thumb/v7e-m+fp/hard\libc_nano.a(lib_a-mprec.o)
                0x000000000800903c                __multadd
 .text.__s2b    0x00000000080090c8       0x94 c:/st/stm32cubeide_1.12.0/stm32cubeide/plugins/com.st.stm32cube.ide.mcu.externaltools.gnu-tools-for-stm32.10.3-2021.10.win32_1.0.200.202301161003/tools/bin/../lib/gcc/arm-none-eabi/10.3.1/../../../../arm-none-eabi/lib/thumb/v7e-m+fp/hard\libc_nano.a(lib_a-mprec.o)
                0x00000000080090c8                __s2b
 .text.__hi0bits
                0x000000000800915c       0x40 c:/st/stm32cubeide_1.12.0/stm32cubeide/plugins/com.st.stm32cube.ide.mcu.externaltools.gnu-tools-for-stm32.10.3-2021.10.win32_1.0.200.202301161003/tools/bin/../lib/gcc/arm-none-eabi/10.3.1/../../../../arm-none-eabi/lib/thumb/v7e-m+fp/hard\libc_nano.a(lib_a-mprec.o)
                0x000000000800915c                __hi0bits
 .text.__lo0bits
                0x000000000800919c       0x5e c:/st/stm32cubeide_1.12.0/stm32cubeide/plugins/com.st.stm32cube.ide.mcu.externaltools.gnu-tools-for-stm32.10.3-2021.10.win32_1.0.200.202301161003/tools/bin/../lib/gcc/arm-none-eabi/10.3.1/../../../../arm-none-eabi/lib/thumb/v7e-m+fp/hard\libc_nano.a(lib_a-mprec.o)
                0x000000000800919c                __lo0bits
 *fill*         0x00000000080091fa        0x2 
 .text.__i2b    0x00000000080091fc       0x2c c:/st/stm32cubeide_1.12.0/stm32cubeide/plugins/com.st.stm32cube.ide.mcu.externaltools.gnu-tools-for-stm32.10.3-2021.10.win32_1.0.200.202301161003/tools/bin/../lib/gcc/arm-none-eabi/10.3.1/../../../../arm-none-eabi/lib/thumb/v7e-m+fp/hard\libc_nano.a(lib_a-mprec.o)
                0x00000000080091fc                __i2b
 .text.__multiply
                0x0000000008009228      0x154 c:/st/stm32cubeide_1.12.0/stm32cubeide/plugins/com.st.stm32cube.ide.mcu.externaltools.gnu-tools-for-stm32.10.3-2021.10.win32_1.0.200.202301161003/tools/bin/../lib/gcc/arm-none-eabi/10.3.1/../../../../arm-none-eabi/lib/thumb/v7e-m+fp/hard\libc_nano.a(lib_a-mprec.o)
                0x0000000008009228                __multiply
 .text.__pow5mult
                0x000000000800937c       0xb4 c:/st/stm32cubeide_1.12.0/stm32cubeide/plugins/com.st.stm32cube.ide.mcu.externaltools.gnu-tools-for-stm32.10.3-2021.10.win32_1.0.200.202301161003/tools/bin/../lib/gcc/arm-none-eabi/10.3.1/../../../../arm-none-eabi/lib/thumb/v7e-m+fp/hard\libc_nano.a(lib_a-mprec.o)
                0x000000000800937c                __pow5mult
 .text.__lshift
                0x0000000008009430       0xe0 c:/st/stm32cubeide_1.12.0/stm32cubeide/plugins/com.st.stm32cube.ide.mcu.externaltools.gnu-tools-for-stm32.10.3-2021.10.win32_1.0.200.202301161003/tools/bin/../lib/gcc/arm-none-eabi/10.3.1/../../../../arm-none-eabi/lib/thumb/v7e-m+fp/hard\libc_nano.a(lib_a-mprec.o)
                0x0000000008009430                __lshift
 .text.__mcmp   0x0000000008009510       0x38 c:/st/stm32cubeide_1.12.0/stm32cubeide/plugins/com.st.stm32cube.ide.mcu.externaltools.gnu-tools-for-stm32.10.3-2021.10.win32_1.0.200.202301161003/tools/bin/../lib/gcc/arm-none-eabi/10.3.1/../../../../arm-none-eabi/lib/thumb/v7e-m+fp/hard\libc_nano.a(lib_a-mprec.o)
                0x0000000008009510                __mcmp
 .text.__mdiff  0x0000000008009548      0x114 c:/st/stm32cubeide_1.12.0/stm32cubeide/plugins/com.st.stm32cube.ide.mcu.externaltools.gnu-tools-for-stm32.10.3-2021.10.win32_1.0.200.202301161003/tools/bin/../lib/gcc/arm-none-eabi/10.3.1/../../../../arm-none-eabi/lib/thumb/v7e-m+fp/hard\libc_nano.a(lib_a-mprec.o)
                0x0000000008009548                __mdiff
 .text.__ulp    0x000000000800965c       0x58 c:/st/stm32cubeide_1.12.0/stm32cubeide/plugins/com.st.stm32cube.ide.mcu.externaltools.gnu-tools-for-stm32.10.3-2021.10.win32_1.0.200.202301161003/tools/bin/../lib/gcc/arm-none-eabi/10.3.1/../../../../arm-none-eabi/lib/thumb/v7e-m+fp/hard\libc_nano.a(lib_a-mprec.o)
                0x000000000800965c                __ulp
 .text.__b2d    0x00000000080096b4       0xa0 c:/st/stm32cubeide_1.12.0/stm32cubeide/plugins/com.st.stm32cube.ide.mcu.externaltools.gnu-tools-for-stm32.10.3-2021.10.win32_1.0.200.202301161003/tools/bin/../lib/gcc/arm-none-eabi/10.3.1/../../../../arm-none-eabi/lib/thumb/v7e-m+fp/hard\libc_nano.a(lib_a-mprec.o)
                0x00000000080096b4                __b2d
 .text.__d2b    0x0000000008009754       0xb8 c:/st/stm32cubeide_1.12.0/stm32cubeide/plugins/com.st.stm32cube.ide.mcu.externaltools.gnu-tools-for-stm32.10.3-2021.10.win32_1.0.200.202301161003/tools/bin/../lib/gcc/arm-none-eabi/10.3.1/../../../../arm-none-eabi/lib/thumb/v7e-m+fp/hard\libc_nano.a(lib_a-mprec.o)
                0x0000000008009754                __d2b
 .text.__ratio  0x000000000800980c       0x66 c:/st/stm32cubeide_1.12.0/stm32cubeide/plugins/com.st.stm32cube.ide.mcu.externaltools.gnu-tools-for-stm32.10.3-2021.10.win32_1.0.200.202301161003/tools/bin/../lib/gcc/arm-none-eabi/10.3.1/../../../../arm-none-eabi/lib/thumb/v7e-m+fp/hard\libc_nano.a(lib_a-mprec.o)
                0x000000000800980c                __ratio
 .text.__copybits
                0x0000000008009872       0x46 c:/st/stm32cubeide_1.12.0/stm32cubeide/plugins/com.st.stm32cube.ide.mcu.externaltools.gnu-tools-for-stm32.10.3-2021.10.win32_1.0.200.202301161003/tools/bin/../lib/gcc/arm-none-eabi/10.3.1/../../../../arm-none-eabi/lib/thumb/v7e-m+fp/hard\libc_nano.a(lib_a-mprec.o)
                0x0000000008009872                __copybits
 .text.__any_on
                0x00000000080098b8       0x42 c:/st/stm32cubeide_1.12.0/stm32cubeide/plugins/com.st.stm32cube.ide.mcu.externaltools.gnu-tools-for-stm32.10.3-2021.10.win32_1.0.200.202301161003/tools/bin/../lib/gcc/arm-none-eabi/10.3.1/../../../../arm-none-eabi/lib/thumb/v7e-m+fp/hard\libc_nano.a(lib_a-mprec.o)
                0x00000000080098b8                __any_on
 .text._calloc_r
                0x00000000080098fa       0x2c c:/st/stm32cubeide_1.12.0/stm32cubeide/plugins/com.st.stm32cube.ide.mcu.externaltools.gnu-tools-for-stm32.10.3-2021.10.win32_1.0.200.202301161003/tools/bin/../lib/gcc/arm-none-eabi/10.3.1/../../../../arm-none-eabi/lib/thumb/v7e-m+fp/hard\libc_nano.a(lib_a-nano-callocr.o)
                0x00000000080098fa                _calloc_r
 *fill*         0x0000000008009926        0x2 
 .text.sbrk_aligned
                0x0000000008009928       0x40 c:/st/stm32cubeide_1.12.0/stm32cubeide/plugins/com.st.stm32cube.ide.mcu.externaltools.gnu-tools-for-stm32.10.3-2021.10.win32_1.0.200.202301161003/tools/bin/../lib/gcc/arm-none-eabi/10.3.1/../../../../arm-none-eabi/lib/thumb/v7e-m+fp/hard\libc_nano.a(lib_a-nano-mallocr.o)
 .text._malloc_r
                0x0000000008009968       0xe8 c:/st/stm32cubeide_1.12.0/stm32cubeide/plugins/com.st.stm32cube.ide.mcu.externaltools.gnu-tools-for-stm32.10.3-2021.10.win32_1.0.200.202301161003/tools/bin/../lib/gcc/arm-none-eabi/10.3.1/../../../../arm-none-eabi/lib/thumb/v7e-m+fp/hard\libc_nano.a(lib_a-nano-mallocr.o)
                0x0000000008009968                _malloc_r
 .text.nan      0x0000000008009a50       0x10 c:/st/stm32cubeide_1.12.0/stm32cubeide/plugins/com.st.stm32cube.ide.mcu.externaltools.gnu-tools-for-stm32.10.3-2021.10.win32_1.0.200.202301161003/tools/bin/../lib/gcc/arm-none-eabi/10.3.1/../../../../arm-none-eabi/lib/thumb/v7e-m+fp/hard\libc_nano.a(lib_a-s_nan.o)
                0x0000000008009a50                nan
 .text._sbrk_r  0x0000000008009a60       0x20 c:/st/stm32cubeide_1.12.0/stm32cubeide/plugins/com.st.stm32cube.ide.mcu.externaltools.gnu-tools-for-stm32.10.3-2021.10.win32_1.0.200.202301161003/tools/bin/../lib/gcc/arm-none-eabi/10.3.1/../../../../arm-none-eabi/lib/thumb/v7e-m+fp/hard\libc_nano.a(lib_a-sbrkr.o)
                0x0000000008009a60                _sbrk_r
 .text.strncmp  0x0000000008009a80       0x28 c:/st/stm32cubeide_1.12.0/stm32cubeide/plugins/com.st.stm32cube.ide.mcu.externaltools.gnu-tools-for-stm32.10.3-2021.10.win32_1.0.200.202301161003/tools/bin/../lib/gcc/arm-none-eabi/10.3.1/../../../../arm-none-eabi/lib/thumb/v7e-m+fp/hard\libc_nano.a(lib_a-strncmp.o)
                0x0000000008009a80                strncmp
 .text.__ascii_wctomb
                0x0000000008009aa8       0x1a c:/st/stm32cubeide_1.12.0/stm32cubeide/plugins/com.st.stm32cube.ide.mcu.externaltools.gnu-tools-for-stm32.10.3-2021.10.win32_1.0.200.202301161003/tools/bin/../lib/gcc/arm-none-eabi/10.3.1/../../../../arm-none-eabi/lib/thumb/v7e-m+fp/hard\libc_nano.a(lib_a-wctomb_r.o)
                0x0000000008009aa8                __ascii_wctomb
 *fill*         0x0000000008009ac2        0x2 
 .text.__assert_func
                0x0000000008009ac4       0x3c c:/st/stm32cubeide_1.12.0/stm32cubeide/plugins/com.st.stm32cube.ide.mcu.externaltools.gnu-tools-for-stm32.10.3-2021.10.win32_1.0.200.202301161003/tools/bin/../lib/gcc/arm-none-eabi/10.3.1/../../../../arm-none-eabi/lib/thumb/v7e-m+fp/hard\libc_nano.a(lib_a-assert.o)
                0x0000000008009ac4                __assert_func
 .text.fprintf  0x0000000008009b00       0x24 c:/st/stm32cubeide_1.12.0/stm32cubeide/plugins/com.st.stm32cube.ide.mcu.externaltools.gnu-tools-for-stm32.10.3-2021.10.win32_1.0.200.202301161003/tools/bin/../lib/gcc/arm-none-eabi/10.3.1/../../../../arm-none-eabi/lib/thumb/v7e-m+fp/hard\libc_nano.a(lib_a-fprintf.o)
                0x0000000008009b00                fiprintf
                0x0000000008009b00                fprintf
 .text.malloc   0x0000000008009b24       0x10 c:/st/stm32cubeide_1.12.0/stm32cubeide/plugins/com.st.stm32cube.ide.mcu.externaltools.gnu-tools-for-stm32.10.3-2021.10.win32_1.0.200.202301161003/tools/bin/../lib/gcc/arm-none-eabi/10.3.1/../../../../arm-none-eabi/lib/thumb/v7e-m+fp/hard\libc_nano.a(lib_a-malloc.o)
                0x0000000008009b24                malloc
 .text.__malloc_lock
                0x0000000008009b34        0xc c:/st/stm32cubeide_1.12.0/stm32cubeide/plugins/com.st.stm32cube.ide.mcu.externaltools.gnu-tools-for-stm32.10.3-2021.10.win32_1.0.200.202301161003/tools/bin/../lib/gcc/arm-none-eabi/10.3.1/../../../../arm-none-eabi/lib/thumb/v7e-m+fp/hard\libc_nano.a(lib_a-mlock.o)
                0x0000000008009b34                __malloc_lock
 .text.__malloc_unlock
                0x0000000008009b40        0xc c:/st/stm32cubeide_1.12.0/stm32cubeide/plugins/com.st.stm32cube.ide.mcu.externaltools.gnu-tools-for-stm32.10.3-2021.10.win32_1.0.200.202301161003/tools/bin/../lib/gcc/arm-none-eabi/10.3.1/../../../../arm-none-eabi/lib/thumb/v7e-m+fp/hard\libc_nano.a(lib_a-mlock.o)
                0x0000000008009b40                __malloc_unlock
 .text._free_r  0x0000000008009b4c       0x98 c:/st/stm32cubeide_1.12.0/stm32cubeide/plugins/com.st.stm32cube.ide.mcu.externaltools.gnu-tools-for-stm32.10.3-2021.10.win32_1.0.200.202301161003/tools/bin/../lib/gcc/arm-none-eabi/10.3.1/../../../../arm-none-eabi/lib/thumb/v7e-m+fp/hard\libc_nano.a(lib_a-nano-freer.o)
                0x0000000008009b4c                _free_r
 .text.__sfputc_r
                0x0000000008009be4       0x2e c:/st/stm32cubeide_1.12.0/stm32cubeide/plugins/com.st.stm32cube.ide.mcu.externaltools.gnu-tools-for-stm32.10.3-2021.10.win32_1.0.200.202301161003/tools/bin/../lib/gcc/arm-none-eabi/10.3.1/../../../../arm-none-eabi/lib/thumb/v7e-m+fp/hard\libc_nano.a(lib_a-nano-vfprintf.o)
 .text.__sfputs_r
                0x0000000008009c12       0x24 c:/st/stm32cubeide_1.12.0/stm32cubeide/plugins/com.st.stm32cube.ide.mcu.externaltools.gnu-tools-for-stm32.10.3-2021.10.win32_1.0.200.202301161003/tools/bin/../lib/gcc/arm-none-eabi/10.3.1/../../../../arm-none-eabi/lib/thumb/v7e-m+fp/hard\libc_nano.a(lib_a-nano-vfprintf.o)
                0x0000000008009c12                __sfputs_r
 *fill*         0x0000000008009c36        0x2 
 .text._vfprintf_r
                0x0000000008009c38      0x260 c:/st/stm32cubeide_1.12.0/stm32cubeide/plugins/com.st.stm32cube.ide.mcu.externaltools.gnu-tools-for-stm32.10.3-2021.10.win32_1.0.200.202301161003/tools/bin/../lib/gcc/arm-none-eabi/10.3.1/../../../../arm-none-eabi/lib/thumb/v7e-m+fp/hard\libc_nano.a(lib_a-nano-vfprintf.o)
                0x0000000008009c38                _vfprintf_r
                0x0000000008009c38                _vfiprintf_r
 .text._printf_common
                0x0000000008009e98       0xda c:/st/stm32cubeide_1.12.0/stm32cubeide/plugins/com.st.stm32cube.ide.mcu.externaltools.gnu-tools-for-stm32.10.3-2021.10.win32_1.0.200.202301161003/tools/bin/../lib/gcc/arm-none-eabi/10.3.1/../../../../arm-none-eabi/lib/thumb/v7e-m+fp/hard\libc_nano.a(lib_a-nano-vfprintf_i.o)
                0x0000000008009e98                _printf_common
 *fill*         0x0000000008009f72        0x2 
 .text._printf_i
                0x0000000008009f74      0x24c c:/st/stm32cubeide_1.12.0/stm32cubeide/plugins/com.st.stm32cube.ide.mcu.externaltools.gnu-tools-for-stm32.10.3-2021.10.win32_1.0.200.202301161003/tools/bin/../lib/gcc/arm-none-eabi/10.3.1/../../../../arm-none-eabi/lib/thumb/v7e-m+fp/hard\libc_nano.a(lib_a-nano-vfprintf_i.o)
                0x0000000008009f74                _printf_i
 .text.__swbuf_r
                0x000000000800a1c0       0xa4 c:/st/stm32cubeide_1.12.0/stm32cubeide/plugins/com.st.stm32cube.ide.mcu.externaltools.gnu-tools-for-stm32.10.3-2021.10.win32_1.0.200.202301161003/tools/bin/../lib/gcc/arm-none-eabi/10.3.1/../../../../arm-none-eabi/lib/thumb/v7e-m+fp/hard\libc_nano.a(lib_a-wbuf.o)
                0x000000000800a1c0                __swbuf_r
 .text.__swsetup_r
                0x000000000800a264       0xdc c:/st/stm32cubeide_1.12.0/stm32cubeide/plugins/com.st.stm32cube.ide.mcu.externaltools.gnu-tools-for-stm32.10.3-2021.10.win32_1.0.200.202301161003/tools/bin/../lib/gcc/arm-none-eabi/10.3.1/../../../../arm-none-eabi/lib/thumb/v7e-m+fp/hard\libc_nano.a(lib_a-wsetup.o)
                0x000000000800a264                __swsetup_r
 .text.abort    0x000000000800a340        0xe c:/st/stm32cubeide_1.12.0/stm32cubeide/plugins/com.st.stm32cube.ide.mcu.externaltools.gnu-tools-for-stm32.10.3-2021.10.win32_1.0.200.202301161003/tools/bin/../lib/gcc/arm-none-eabi/10.3.1/../../../../arm-none-eabi/lib/thumb/v7e-m+fp/hard\libc_nano.a(lib_a-abort.o)
                0x000000000800a340                abort
 *fill*         0x000000000800a34e        0x2 
 .text.__sflush_r
                0x000000000800a350      0x10c c:/st/stm32cubeide_1.12.0/stm32cubeide/plugins/com.st.stm32cube.ide.mcu.externaltools.gnu-tools-for-stm32.10.3-2021.10.win32_1.0.200.202301161003/tools/bin/../lib/gcc/arm-none-eabi/10.3.1/../../../../arm-none-eabi/lib/thumb/v7e-m+fp/hard\libc_nano.a(lib_a-fflush.o)
                0x000000000800a350                __sflush_r
 .text._fflush_r
                0x000000000800a45c       0x78 c:/st/stm32cubeide_1.12.0/stm32cubeide/plugins/com.st.stm32cube.ide.mcu.externaltools.gnu-tools-for-stm32.10.3-2021.10.win32_1.0.200.202301161003/tools/bin/../lib/gcc/arm-none-eabi/10.3.1/../../../../arm-none-eabi/lib/thumb/v7e-m+fp/hard\libc_nano.a(lib_a-fflush.o)
                0x000000000800a45c                _fflush_r
 .text.std      0x000000000800a4d4       0x48 c:/st/stm32cubeide_1.12.0/stm32cubeide/plugins/com.st.stm32cube.ide.mcu.externaltools.gnu-tools-for-stm32.10.3-2021.10.win32_1.0.200.202301161003/tools/bin/../lib/gcc/arm-none-eabi/10.3.1/../../../../arm-none-eabi/lib/thumb/v7e-m+fp/hard\libc_nano.a(lib_a-findfp.o)
 .text._cleanup_r
                0x000000000800a51c        0xc c:/st/stm32cubeide_1.12.0/stm32cubeide/plugins/com.st.stm32cube.ide.mcu.externaltools.gnu-tools-for-stm32.10.3-2021.10.win32_1.0.200.202301161003/tools/bin/../lib/gcc/arm-none-eabi/10.3.1/../../../../arm-none-eabi/lib/thumb/v7e-m+fp/hard\libc_nano.a(lib_a-findfp.o)
                0x000000000800a51c                _cleanup_r
 .text.__sfmoreglue
                0x000000000800a528       0x2c c:/st/stm32cubeide_1.12.0/stm32cubeide/plugins/com.st.stm32cube.ide.mcu.externaltools.gnu-tools-for-stm32.10.3-2021.10.win32_1.0.200.202301161003/tools/bin/../lib/gcc/arm-none-eabi/10.3.1/../../../../arm-none-eabi/lib/thumb/v7e-m+fp/hard\libc_nano.a(lib_a-findfp.o)
                0x000000000800a528                __sfmoreglue
 .text.__sfp_lock_acquire
                0x000000000800a554        0xc c:/st/stm32cubeide_1.12.0/stm32cubeide/plugins/com.st.stm32cube.ide.mcu.externaltools.gnu-tools-for-stm32.10.3-2021.10.win32_1.0.200.202301161003/tools/bin/../lib/gcc/arm-none-eabi/10.3.1/../../../../arm-none-eabi/lib/thumb/v7e-m+fp/hard\libc_nano.a(lib_a-findfp.o)
                0x000000000800a554                __sfp_lock_acquire
 .text.__sfp_lock_release
                0x000000000800a560        0xc c:/st/stm32cubeide_1.12.0/stm32cubeide/plugins/com.st.stm32cube.ide.mcu.externaltools.gnu-tools-for-stm32.10.3-2021.10.win32_1.0.200.202301161003/tools/bin/../lib/gcc/arm-none-eabi/10.3.1/../../../../arm-none-eabi/lib/thumb/v7e-m+fp/hard\libc_nano.a(lib_a-findfp.o)
                0x000000000800a560                __sfp_lock_release
 .text.__sinit_lock_acquire
                0x000000000800a56c        0xc c:/st/stm32cubeide_1.12.0/stm32cubeide/plugins/com.st.stm32cube.ide.mcu.externaltools.gnu-tools-for-stm32.10.3-2021.10.win32_1.0.200.202301161003/tools/bin/../lib/gcc/arm-none-eabi/10.3.1/../../../../arm-none-eabi/lib/thumb/v7e-m+fp/hard\libc_nano.a(lib_a-findfp.o)
                0x000000000800a56c                __sinit_lock_acquire
 .text.__sinit_lock_release
                0x000000000800a578        0xc c:/st/stm32cubeide_1.12.0/stm32cubeide/plugins/com.st.stm32cube.ide.mcu.externaltools.gnu-tools-for-stm32.10.3-2021.10.win32_1.0.200.202301161003/tools/bin/../lib/gcc/arm-none-eabi/10.3.1/../../../../arm-none-eabi/lib/thumb/v7e-m+fp/hard\libc_nano.a(lib_a-findfp.o)
                0x000000000800a578                __sinit_lock_release
 .text.__sinit  0x000000000800a584       0x70 c:/st/stm32cubeide_1.12.0/stm32cubeide/plugins/com.st.stm32cube.ide.mcu.externaltools.gnu-tools-for-stm32.10.3-2021.10.win32_1.0.200.202301161003/tools/bin/../lib/gcc/arm-none-eabi/10.3.1/../../../../arm-none-eabi/lib/thumb/v7e-m+fp/hard\libc_nano.a(lib_a-findfp.o)
                0x000000000800a584                __sinit
 .text.__sfp    0x000000000800a5f4       0x8c c:/st/stm32cubeide_1.12.0/stm32cubeide/plugins/com.st.stm32cube.ide.mcu.externaltools.gnu-tools-for-stm32.10.3-2021.10.win32_1.0.200.202301161003/tools/bin/../lib/gcc/arm-none-eabi/10.3.1/../../../../arm-none-eabi/lib/thumb/v7e-m+fp/hard\libc_nano.a(lib_a-findfp.o)
                0x000000000800a5f4                __sfp
 .text._fwalk_reent
                0x000000000800a680       0x3e c:/st/stm32cubeide_1.12.0/stm32cubeide/plugins/com.st.stm32cube.ide.mcu.externaltools.gnu-tools-for-stm32.10.3-2021.10.win32_1.0.200.202301161003/tools/bin/../lib/gcc/arm-none-eabi/10.3.1/../../../../arm-none-eabi/lib/thumb/v7e-m+fp/hard\libc_nano.a(lib_a-fwalk.o)
                0x000000000800a680                _fwalk_reent
 .text.__retarget_lock_init_recursive
                0x000000000800a6be        0x2 c:/st/stm32cubeide_1.12.0/stm32cubeide/plugins/com.st.stm32cube.ide.mcu.externaltools.gnu-tools-for-stm32.10.3-2021.10.win32_1.0.200.202301161003/tools/bin/../lib/gcc/arm-none-eabi/10.3.1/../../../../arm-none-eabi/lib/thumb/v7e-m+fp/hard\libc_nano.a(lib_a-lock.o)
                0x000000000800a6be                __retarget_lock_init_recursive
 .text.__retarget_lock_acquire_recursive
                0x000000000800a6c0        0x2 c:/st/stm32cubeide_1.12.0/stm32cubeide/plugins/com.st.stm32cube.ide.mcu.externaltools.gnu-tools-for-stm32.10.3-2021.10.win32_1.0.200.202301161003/tools/bin/../lib/gcc/arm-none-eabi/10.3.1/../../../../arm-none-eabi/lib/thumb/v7e-m+fp/hard\libc_nano.a(lib_a-lock.o)
                0x000000000800a6c0                __retarget_lock_acquire_recursive
 .text.__retarget_lock_release_recursive
                0x000000000800a6c2        0x2 c:/st/stm32cubeide_1.12.0/stm32cubeide/plugins/com.st.stm32cube.ide.mcu.externaltools.gnu-tools-for-stm32.10.3-2021.10.win32_1.0.200.202301161003/tools/bin/../lib/gcc/arm-none-eabi/10.3.1/../../../../arm-none-eabi/lib/thumb/v7e-m+fp/hard\libc_nano.a(lib_a-lock.o)
                0x000000000800a6c2                __retarget_lock_release_recursive
 .text.__swhatbuf_r
                0x000000000800a6c4       0x4a c:/st/stm32cubeide_1.12.0/stm32cubeide/plugins/com.st.stm32cube.ide.mcu.externaltools.gnu-tools-for-stm32.10.3-2021.10.win32_1.0.200.202301161003/tools/bin/../lib/gcc/arm-none-eabi/10.3.1/../../../../arm-none-eabi/lib/thumb/v7e-m+fp/hard\libc_nano.a(lib_a-makebuf.o)
                0x000000000800a6c4                __swhatbuf_r
 *fill*         0x000000000800a70e        0x2 
 .text.__smakebuf_r
                0x000000000800a710       0x80 c:/st/stm32cubeide_1.12.0/stm32cubeide/plugins/com.st.stm32cube.ide.mcu.externaltools.gnu-tools-for-stm32.10.3-2021.10.win32_1.0.200.202301161003/tools/bin/../lib/gcc/arm-none-eabi/10.3.1/../../../../arm-none-eabi/lib/thumb/v7e-m+fp/hard\libc_nano.a(lib_a-makebuf.o)
                0x000000000800a710                __smakebuf_r
 .text._raise_r
                0x000000000800a790       0x50 c:/st/stm32cubeide_1.12.0/stm32cubeide/plugins/com.st.stm32cube.ide.mcu.externaltools.gnu-tools-for-stm32.10.3-2021.10.win32_1.0.200.202301161003/tools/bin/../lib/gcc/arm-none-eabi/10.3.1/../../../../arm-none-eabi/lib/thumb/v7e-m+fp/hard\libc_nano.a(lib_a-signal.o)
                0x000000000800a790                _raise_r
 .text.raise    0x000000000800a7e0       0x10 c:/st/stm32cubeide_1.12.0/stm32cubeide/plugins/com.st.stm32cube.ide.mcu.externaltools.gnu-tools-for-stm32.10.3-2021.10.win32_1.0.200.202301161003/tools/bin/../lib/gcc/arm-none-eabi/10.3.1/../../../../arm-none-eabi/lib/thumb/v7e-m+fp/hard\libc_nano.a(lib_a-signal.o)
                0x000000000800a7e0                raise
 .text._kill_r  0x000000000800a7f0       0x24 c:/st/stm32cubeide_1.12.0/stm32cubeide/plugins/com.st.stm32cube.ide.mcu.externaltools.gnu-tools-for-stm32.10.3-2021.10.win32_1.0.200.202301161003/tools/bin/../lib/gcc/arm-none-eabi/10.3.1/../../../../arm-none-eabi/lib/thumb/v7e-m+fp/hard\libc_nano.a(lib_a-signalr.o)
                0x000000000800a7f0                _kill_r
 .text._getpid_r